Archive member included because of file (symbol)

D:\LPC-Proyectos\BORRAR\Lib_MCU_LPC17xx\Debug\libLib_MCU_LPC17xx.a(lpc17xx_emac.o)
                              ./Source/lwIP/netif/ethernetif.o (EMAC_Init)
D:\LPC-Proyectos\BORRAR\Lib_MCU_LPC17xx\Debug\libLib_MCU_LPC17xx.a(lpc17xx_i2c.o)
                              ./Source/FreeRTOS-Products/FreeRTOS-Plus-IO/Device/LPC17xx/FreeRTOS_lpc17xx_i2c.o (I2C_Stop)
D:\LPC-Proyectos\BORRAR\Lib_MCU_LPC17xx\Debug\libLib_MCU_LPC17xx.a(lpc17xx_libcfg_default.o)
                              D:\LPC-Proyectos\BORRAR\Lib_MCU_LPC17xx\Debug\libLib_MCU_LPC17xx.a(lpc17xx_i2c.o) (check_failed)
D:\LPC-Proyectos\BORRAR\Lib_MCU_LPC17xx\Debug\libLib_MCU_LPC17xx.a(lpc17xx_pinsel.o)
                              ./Source/lwIP/netif/ethernetif.o (PINSEL_ConfigPin)
D:\LPC-Proyectos\BORRAR\Lib_MCU_LPC17xx\Debug\libLib_MCU_LPC17xx.a(lpc17xx_ssp.o)
                              ./Source/FreeRTOS-Products/FreeRTOS-Plus-IO/Device/LPC17xx/FreeRTOS_lpc17xx_ssp.o (SSP_Init)
D:\LPC-Proyectos\BORRAR\Lib_MCU_LPC17xx\Debug\libLib_MCU_LPC17xx.a(lpc17xx_uart.o)
                              ./Source/LibModbus/src/uart.o (UART_Init)
D:\LPC-Proyectos\BORRAR\Lib_MCU_LPC17xx\Debug\libLib_MCU_LPC17xx.a(lpc17xx_clkpwr.o)
                              D:\LPC-Proyectos\BORRAR\Lib_MCU_LPC17xx\Debug\libLib_MCU_LPC17xx.a(lpc17xx_i2c.o) (CLKPWR_SetPCLKDiv)
D:\LPC-Proyectos\BORRAR\CMSISv2p00_LPC17xx\Debug\libCMSISv2p00_LPC17xx.a(system_LPC17xx.o)
                              ./Source/cr_startup_lpc176x.o (SystemInit)
c:/nxp/lpcxpresso_6.1.4_194/lpcxpresso/tools/bin/../lib/gcc/arm-none-eabi/4.6.2/armv7-m\libgcc.a(_arm_addsubdf3.o)
                              ./Source/printf-stdarg.o (__aeabi_dsub)
c:/nxp/lpcxpresso_6.1.4_194/lpcxpresso/tools/bin/../lib/gcc/arm-none-eabi/4.6.2/armv7-m\libgcc.a(_arm_muldivdf3.o)
                              ./Source/printf-stdarg.o (__aeabi_dmul)
c:/nxp/lpcxpresso_6.1.4_194/lpcxpresso/tools/bin/../lib/gcc/arm-none-eabi/4.6.2/armv7-m\libgcc.a(_arm_cmpdf2.o)
                              ./Source/Gsoap/src/stdsoap2.o (__aeabi_dcmplt)
c:/nxp/lpcxpresso_6.1.4_194/lpcxpresso/tools/bin/../lib/gcc/arm-none-eabi/4.6.2/armv7-m\libgcc.a(_arm_fixdfsi.o)
                              ./Source/printf-stdarg.o (__aeabi_d2iz)
c:/nxp/lpcxpresso_6.1.4_194/lpcxpresso/tools/bin/../lib/gcc/arm-none-eabi/4.6.2/armv7-m\libgcc.a(_arm_truncdfsf2.o)
                              ./Source/Gsoap/src/stdsoap2.o (__aeabi_d2f)
c:/nxp/lpcxpresso_6.1.4_194/lpcxpresso/tools/bin/../lib/gcc/arm-none-eabi/4.6.2/armv7-m\libgcc.a(_arm_cmpsf2.o)
                              ./Source/Gsoap/src/stdsoap2.o (__aeabi_fcmplt)
c:/nxp/lpcxpresso_6.1.4_194/lpcxpresso/tools/bin/../lib/gcc/arm-none-eabi/4.6.2/armv7-m\libgcc.a(_aeabi_uldivmod.o)
                              D:\LPC-Proyectos\BORRAR\CMSISv2p00_LPC17xx\Debug\libCMSISv2p00_LPC17xx.a(system_LPC17xx.o) (__aeabi_uldivmod)
c:/nxp/lpcxpresso_6.1.4_194/lpcxpresso/tools/bin/../lib/gcc/arm-none-eabi/4.6.2/armv7-m\libgcc.a(bpabi.o)
                              c:/nxp/lpcxpresso_6.1.4_194/lpcxpresso/tools/bin/../lib/gcc/arm-none-eabi/4.6.2/armv7-m\libgcc.a(_aeabi_uldivmod.o) (__gnu_uldivmod_helper)
c:/nxp/lpcxpresso_6.1.4_194/lpcxpresso/tools/bin/../lib/gcc/arm-none-eabi/4.6.2/armv7-m\libgcc.a(_dvmd_tls.o)
                              c:/nxp/lpcxpresso_6.1.4_194/lpcxpresso/tools/bin/../lib/gcc/arm-none-eabi/4.6.2/armv7-m\libgcc.a(_aeabi_uldivmod.o) (__aeabi_ldiv0)
c:/nxp/lpcxpresso_6.1.4_194/lpcxpresso/tools/bin/../lib/gcc/arm-none-eabi/4.6.2/armv7-m\libgcc.a(_divdi3.o)
                              c:/nxp/lpcxpresso_6.1.4_194/lpcxpresso/tools/bin/../lib/gcc/arm-none-eabi/4.6.2/armv7-m\libgcc.a(bpabi.o) (__divdi3)
c:/nxp/lpcxpresso_6.1.4_194/lpcxpresso/tools/bin/../lib/gcc/arm-none-eabi/4.6.2/armv7-m\libgcc.a(_udivdi3.o)
                              c:/nxp/lpcxpresso_6.1.4_194/lpcxpresso/tools/bin/../lib/gcc/arm-none-eabi/4.6.2/armv7-m\libgcc.a(bpabi.o) (__udivdi3)
c:/nxp/lpcxpresso_6.1.4_194/lpcxpresso/tools/bin/../lib/gcc/arm-none-eabi/4.6.2/../../../../arm-none-eabi/lib/armv7-m\libc.a(lib_a-abort.o)
                              ./Source/lwIP/netif/etharp.o (abort)
c:/nxp/lpcxpresso_6.1.4_194/lpcxpresso/tools/bin/../lib/gcc/arm-none-eabi/4.6.2/../../../../arm-none-eabi/lib/armv7-m\libc.a(lib_a-atol.o)
                              ./Source/Gsoap/src/stdsoap2.o (atol)
c:/nxp/lpcxpresso_6.1.4_194/lpcxpresso/tools/bin/../lib/gcc/arm-none-eabi/4.6.2/../../../../arm-none-eabi/lib/armv7-m\libc.a(lib_a-fflush.o)
                              ./Source/lwIP/netif/etharp.o (fflush)
c:/nxp/lpcxpresso_6.1.4_194/lpcxpresso/tools/bin/../lib/gcc/arm-none-eabi/4.6.2/../../../../arm-none-eabi/lib/armv7-m\libc.a(lib_a-findfp.o)
                              c:/nxp/lpcxpresso_6.1.4_194/lpcxpresso/tools/bin/../lib/gcc/arm-none-eabi/4.6.2/../../../../arm-none-eabi/lib/armv7-m\libc.a(lib_a-fflush.o) (__sinit)
[...]
Memory Configuration

Name             Origin             Length             Attributes
MFlash512        0x00000000         0x00080000         xr
RamLoc32         0x10000000         0x00008000         xrw
RamAHB32         0x2007c000         0x00008000         xrw
*default*        0x00000000         0xffffffff

Linker script and memory map

LOAD ./Source/lwIP/netif/etharp.o
LOAD ./Source/lwIP/netif/ethernetif.o
LOAD ./Source/lwIP/netif/sys_arch.o
LOAD ./Source/lwIP/lwIP_Apps/apps/httpserver_raw/fs.o
LOAD ./Source/lwIP/lwIP_Apps/apps/httpserver_raw/httpd.o
LOAD ./Source/lwIP/lwIP_Apps/apps/BasicSocketCommandServer/BasicSocketCommandServer.o
LOAD ./Source/lwIP/lwIP_Apps/lwIP_Apps.o
LOAD ./Source/lwIP/core/ipv4/autoip.o
LOAD ./Source/lwIP/core/ipv4/icmp.o
LOAD ./Source/lwIP/core/ipv4/igmp.o
LOAD ./Source/lwIP/core/ipv4/inet.o
LOAD ./Source/lwIP/core/ipv4/inet_chksum.o
LOAD ./Source/lwIP/core/ipv4/ip.o
LOAD ./Source/lwIP/core/ipv4/ip_addr.o
LOAD ./Source/lwIP/core/ipv4/ip_frag.o
LOAD ./Source/lwIP/core/def.o
LOAD ./Source/lwIP/core/dhcp.o
LOAD ./Source/lwIP/core/dns.o
LOAD ./Source/lwIP/core/init.o
LOAD ./Source/lwIP/core/lwip_timers.o
LOAD ./Source/lwIP/core/mem.o
LOAD ./Source/lwIP/core/memp.o
LOAD ./Source/lwIP/core/netif.o
LOAD ./Source/lwIP/core/pbuf.o
LOAD ./Source/lwIP/core/raw.o
LOAD ./Source/lwIP/core/stats.o
LOAD ./Source/lwIP/core/sys.o
LOAD ./Source/lwIP/core/tcp.o
LOAD ./Source/lwIP/core/tcp_in.o
LOAD ./Source/lwIP/core/tcp_out.o
LOAD ./Source/lwIP/core/udp.o
LOAD ./Source/lwIP/api/api_lib.o
LOAD ./Source/lwIP/api/api_msg.o
LOAD ./Source/lwIP/api/err.o
LOAD ./Source/lwIP/api/netbuf.o
LOAD ./Source/lwIP/api/netdb.o
LOAD ./Source/lwIP/api/netifapi.o
LOAD ./Source/lwIP/api/sockets.o
LOAD ./Source/lwIP/api/tcpip.o
LOAD ./Source/MemMang/heap_2.o
LOAD ./Source/LibModbus/src/Lib_Modbus.o
LOAD ./Source/LibModbus/src/uart.o
LOAD ./Source/Gsoap/src/gsoap-lwip-io.o
LOAD ./Source/Gsoap/src/soapC.o
LOAD ./Source/Gsoap/src/soapServer.o
LOAD ./Source/Gsoap/src/stdsoap2.o
LOAD ./Source/FreeRTOS-Products/FreeRTOS/portable/GCC/ARM_CM3/port.o
LOAD ./Source/FreeRTOS-Products/FreeRTOS-Plus-IO/Device/LPC17xx/FreeRTOS_lpc17xx_DriverInterface.o
LOAD ./Source/FreeRTOS-Products/FreeRTOS-Plus-IO/Device/LPC17xx/FreeRTOS_lpc17xx_i2c.o
LOAD ./Source/FreeRTOS-Products/FreeRTOS-Plus-IO/Device/LPC17xx/FreeRTOS_lpc17xx_ssp.o
LOAD ./Source/FreeRTOS-Products/FreeRTOS-Plus-IO/Device/LPC17xx/FreeRTOS_lpc17xx_uart.o
LOAD ./Source/FreeRTOS-Products/FreeRTOS-Plus-IO/Common/FreeRTOS_DriverInterface.o
LOAD ./Source/FreeRTOS-Products/FreeRTOS-Plus-IO/Common/FreeRTOS_IOUtils.o
LOAD ./Source/FreeRTOS-Products/FreeRTOS-Plus-IO/Common/IOUtils_CharQueueTxAndRx.o
LOAD ./Source/FreeRTOS-Products/FreeRTOS-Plus-IO/Common/IOUtils_CircularBufferRx.o
LOAD ./Source/FreeRTOS-Products/FreeRTOS-Plus-IO/Common/IOUtils_ZeroCopyTx.o
LOAD ./Source/FreeRTOS-Products/FreeRTOS/croutine.o
LOAD ./Source/FreeRTOS-Products/FreeRTOS/list.o
LOAD ./Source/FreeRTOS-Products/FreeRTOS/queue.o
LOAD ./Source/FreeRTOS-Products/FreeRTOS/tasks.o
LOAD ./Source/FreeRTOS-Products/FreeRTOS/timers.o
LOAD ./Source/TASK_MODBUS_MASTER.o
LOAD ./Source/TASK_WEB_SERVICE.o
LOAD ./Source/cr_startup_lpc176x.o
LOAD ./Source/main.o
LOAD ./Source/printf-stdarg.o
LOAD D:\LPC-Proyectos\BORRAR\Lib_MCU_LPC17xx\Debug\libLib_MCU_LPC17xx.a
LOAD D:\LPC-Proyectos\BORRAR\CMSISv2p00_LPC17xx\Debug\libCMSISv2p00_LPC17xx.a
START GROUP
LOAD c:/nxp/lpcxpresso_6.1.4_194/lpcxpresso/tools/bin/../lib/gcc/arm-none-eabi/4.6.2/armv7-m\libgcc.a
LOAD c:/nxp/lpcxpresso_6.1.4_194/lpcxpresso/tools/bin/../lib/gcc/arm-none-eabi/4.6.2/../../../../arm-none-eabi/lib/armv7-m\libc.a
LOAD c:/nxp/lpcxpresso_6.1.4_194/lpcxpresso/tools/bin/../lib/gcc/arm-none-eabi/4.6.2/../../../../arm-none-eabi/lib/armv7-m\libm.a
LOAD c:/nxp/lpcxpresso_6.1.4_194/lpcxpresso/tools/bin/../lib/gcc/arm-none-eabi/4.6.2/../../../../arm-none-eabi/lib/armv7-m\libcr_newlib_nohost.a
END GROUP
                0x00080000                __top_MFlash512 = 0x80000
                0x10008000                __top_RamLoc32 = 0x10008000
                0x20084000                __top_RamAHB32 = 0x20084000

.text           0x00000000    0x1c66c
 FILL mask 0xff
                0x00000000                __vectors_start__ = ABSOLUTE (.)
 *(.isr_vector)
 .isr_vector    0x00000000       0xcc ./Source/cr_startup_lpc176x.o
                0x00000000                g_pfnVectors
                0x000000cc                . = ALIGN (0x4)
                0x000000cc                __section_table_start = .
                0x000000cc                __data_section_table = .
                0x000000cc        0x4 LONG 0x1c674 LOADADDR (.data)
                0x000000d0        0x4 LONG 0x10000000 ADDR (.data)
                0x000000d4        0x4 LONG 0x930 SIZEOF (.data)
                0x000000d8        0x4 LONG 0x1c674 LOADADDR (.data_RAM2)
                0x000000dc        0x4 LONG 0x2007c000 ADDR (.data_RAM2)
                0x000000e0        0x4 LONG 0x0 SIZEOF (.data_RAM2)
                0x000000e4                __data_section_table_end = .
                0x000000e4                __bss_section_table = .
                0x000000e4        0x4 LONG 0x10000930 ADDR (.bss)
                0x000000e8        0x4 LONG 0x35ec SIZEOF (.bss)
                0x000000ec        0x4 LONG 0x2007c000 ADDR (.bss_RAM2)
                0x000000f0        0x4 LONG 0x0 SIZEOF (.bss_RAM2)
                0x000000f4                __bss_section_table_end = .
                0x000000f4                __section_table_end = .
 *(.after_vectors*)
 .after_vectors
                0x000000f4       0x94 ./Source/cr_startup_lpc176x.o
                0x000000f4                NMI_Handler
                0x000000f6                HardFault_Handler
                0x00000112                MemManage_Handler
                0x00000114                BusFault_Handler
                0x00000116                UsageFault_Handler
                0x0000011a                DebugMon_Handler
                0x00000120                data_init
                0x00000132                bss_init
                0x00000142                ResetISR
                0x00000184                EINT2_IRQHandler
                0x00000184                EINT3_IRQHandler
                0x00000184                CANActivity_IRQHandler
                0x00000184                TIMER3_IRQHandler
                0x00000184                UART0_IRQHandler
                0x00000184                I2C1_IRQHandler
                0x00000184                PWM1_IRQHandler
                0x00000184                IntDefaultHandler
                0x00000184                PLL0_IRQHandler
                0x00000184                CAN_IRQHandler
                0x00000184                USBActivity_IRQHandler
                0x00000184                SSP0_IRQHandler
                0x00000184                I2S_IRQHandler
                0x00000184                I2C2_IRQHandler
                0x00000184                RTC_IRQHandler
                0x00000184                TIMER0_IRQHandler
                0x00000184                SPI_IRQHandler
                0x00000184                I2C0_IRQHandler
                0x00000184                EINT1_IRQHandler
                0x00000184                TIMER1_IRQHandler
                0x00000184                UART2_IRQHandler
                0x00000184                ADC_IRQHandler
                0x00000184                SSP1_IRQHandler
                0x00000184                USB_IRQHandler
                0x00000184                BOD_IRQHandler
                0x00000184                RIT_IRQHandler
                0x00000184                WDT_IRQHandler
                0x00000184                QEI_IRQHandler
                0x00000184                EINT0_IRQHandler
                0x00000184                PLL1_IRQHandler
                0x00000184                DMA_IRQHandler
                0x00000184                TIMER2_IRQHandler
                0x00000184                MCPWM_IRQHandler
 *(.text*)
 .text.free_entry
                0x00000188       0x70 ./Source/lwIP/netif/etharp.o
 .text.find_entry
                0x000001f8      0x13c ./Source/lwIP/netif/etharp.o
 .text.etharp_send_ip
                0x00000334       0x64 ./Source/lwIP/netif/etharp.o
 .text.etharp_tmr
                0x00000398       0x34 ./Source/lwIP/netif/etharp.o
                0x00000398                etharp_tmr
 .text.etharp_request
                0x000003cc       0xe4 ./Source/lwIP/netif/etharp.o
                0x000003cc                etharp_request
 .text.etharp_query
                0x000004b0      0x144 ./Source/lwIP/netif/etharp.o
                0x000004b0                etharp_query
 .text.etharp_output
                0x000005f4       0xc4 ./Source/lwIP/netif/etharp.o
                0x000005f4                etharp_output
 .text.ethernet_input
                0x000006b8      0x200 ./Source/lwIP/netif/etharp.o
                0x000006b8                ethernet_input
 .text.prvLowLevelOutput
                0x000008b8       0x58 ./Source/lwIP/netif/ethernetif.o
 .text.ethernetif_init
                0x00000910      0x154 ./Source/lwIP/netif/ethernetif.o
                0x00000910                ethernetif_init
 .text.ENET_IRQHandler
                0x00000a64       0xd8 ./Source/lwIP/netif/ethernetif.o
                0x00000a64                ENET_IRQHandler
 .text.sys_mbox_new
                0x00000b3c       0x1c ./Source/lwIP/netif/sys_arch.o
                0x00000b3c                sys_mbox_new
 .text.sys_mbox_free
                0x00000b58       0x1c ./Source/lwIP/netif/sys_arch.o
                0x00000b58                sys_mbox_free
 .text.sys_mbox_post
                0x00000b74       0x1e ./Source/lwIP/netif/sys_arch.o
                0x00000b74                sys_mbox_post
 *fill*         0x00000b92        0x2 00
 .text.sys_mbox_trypost
                0x00000b94       0x34 ./Source/lwIP/netif/sys_arch.o
                0x00000b94                sys_mbox_trypost
 .text.sys_arch_mbox_fetch
                0x00000bc8       0x6c ./Source/lwIP/netif/sys_arch.o
                0x00000bc8                sys_arch_mbox_fetch
 .text.sys_arch_mbox_tryfetch
                0x00000c34       0x30 ./Source/lwIP/netif/sys_arch.o
                0x00000c34                sys_arch_mbox_tryfetch
 .text.sys_sem_new
                0x00000c64       0x3a ./Source/lwIP/netif/sys_arch.o
                0x00000c64                sys_sem_new
 .text.sys_arch_sem_wait
                0x00000c9e       0x4a ./Source/lwIP/netif/sys_arch.o
                0x00000c9e                sys_arch_sem_wait
 .text.sys_mutex_new
                0x00000ce8       0x18 ./Source/lwIP/netif/sys_arch.o
                0x00000ce8                sys_mutex_new
 .text.sys_mutex_lock
                0x00000d00       0x18 ./Source/lwIP/netif/sys_arch.o
                0x00000d00                sys_mutex_lock
 .text.sys_mutex_unlock
                0x00000d18        0xc ./Source/lwIP/netif/sys_arch.o
                0x00000d18                sys_mutex_unlock
 .text.sys_sem_signal
                0x00000d24       0x28 ./Source/lwIP/netif/sys_arch.o
                0x00000d24                sys_sem_signal
 .text.sys_sem_free
                0x00000d4c        0x6 ./Source/lwIP/netif/sys_arch.o
                0x00000d4c                sys_sem_free
 .text.sys_init
                0x00000d52        0x2 ./Source/lwIP/netif/sys_arch.o
                0x00000d52                sys_init
 .text.sys_thread_new
                0x00000d54       0x2e ./Source/lwIP/netif/sys_arch.o
                0x00000d54                sys_thread_new
 *fill*         0x00000d82        0x2 00
 .text.sys_arch_protect
                0x00000d84       0x14 ./Source/lwIP/netif/sys_arch.o
                0x00000d84                sys_arch_protect
 .text.sys_arch_unprotect
                0x00000d98       0x10 ./Source/lwIP/netif/sys_arch.o
                0x00000d98                sys_arch_unprotect
 .text.fs_open  0x00000da8       0x78 ./Source/lwIP/lwIP_Apps/apps/httpserver_raw/fs.o
                0x00000da8                fs_open
 .text.fs_close
                0x00000e20       0x24 ./Source/lwIP/lwIP_Apps/apps/httpserver_raw/fs.o
                0x00000e20                fs_close
 .text.fs_read  0x00000e44       0x30 ./Source/lwIP/lwIP_Apps/apps/httpserver_raw/fs.o
                0x00000e44                fs_read
 .text.fs_bytes_left
                0x00000e74        0x8 ./Source/lwIP/lwIP_Apps/apps/httpserver_raw/fs.o
                0x00000e74                fs_bytes_left
 .text.http_state_free
                0x00000e7c       0x2a ./Source/lwIP/lwIP_Apps/apps/httpserver_raw/httpd.o
 .text.http_err
                0x00000ea6        0x8 ./Source/lwIP/lwIP_Apps/apps/httpserver_raw/httpd.o
 .text.strnstr  0x00000eae       0x3e ./Source/lwIP/lwIP_Apps/apps/httpserver_raw/httpd.o
 .text.http_accept
                0x00000eec       0x90 ./Source/lwIP/lwIP_Apps/apps/httpserver_raw/httpd.o
 .text.http_write
                0x00000f7c       0x64 ./Source/lwIP/lwIP_Apps/apps/httpserver_raw/httpd.o
 .text.http_close_conn
                0x00000fe0       0x54 ./Source/lwIP/lwIP_Apps/apps/httpserver_raw/httpd.o
 .text.http_send_data
                0x00001034      0x4f0 ./Source/lwIP/lwIP_Apps/apps/httpserver_raw/httpd.o
 .text.http_sent
                0x00001524       0x16 ./Source/lwIP/lwIP_Apps/apps/httpserver_raw/httpd.o
 .text.http_poll
                0x0000153a       0x36 ./Source/lwIP/lwIP_Apps/apps/httpserver_raw/httpd.o
 .text.http_get_404_file
                0x00001570       0x34 ./Source/lwIP/lwIP_Apps/apps/httpserver_raw/httpd.o
 .text.http_recv
                0x000015a4      0x238 ./Source/lwIP/lwIP_Apps/apps/httpserver_raw/httpd.o
 .text.httpd_init
                0x000017dc       0x8c ./Source/lwIP/lwIP_Apps/apps/httpserver_raw/httpd.o
                0x000017dc                httpd_init
 .text.http_set_ssi_handler
                0x00001868       0x78 ./Source/lwIP/lwIP_Apps/apps/httpserver_raw/httpd.o
                0x00001868                http_set_ssi_handler
 .text.HMI_Balanza
                0x000018e0      0x12c ./Source/lwIP/lwIP_Apps/lwIP_Apps.o
                0x000018e0                HMI_Balanza
 .text.uslwIPAppsSSIHandler
                0x00001a0c       0x54 ./Source/lwIP/lwIP_Apps/lwIP_Apps.o
 .text.lwIPAppsInit
                0x00001a60       0x64 ./Source/lwIP/lwIP_Apps/lwIP_Apps.o
                0x00001a60                lwIPAppsInit
 .text.icmp_input
                0x00001ac4      0x1bc ./Source/lwIP/core/ipv4/icmp.o
                0x00001ac4                icmp_input
 .text.icmp_dest_unreach
                0x00001c80       0x98 ./Source/lwIP/core/ipv4/icmp.o
                0x00001c80                icmp_dest_unreach
 .text.lwip_standard_chksum
                0x00001d18       0x56 ./Source/lwIP/core/ipv4/inet_chksum.o
 .text.inet_chksum_pseudo
                0x00001d6e       0x8c ./Source/lwIP/core/ipv4/inet_chksum.o
                0x00001d6e                inet_chksum_pseudo
 .text.inet_chksum
                0x00001dfa        0xc ./Source/lwIP/core/ipv4/inet_chksum.o
                0x00001dfa                inet_chksum
 .text.inet_chksum_pbuf
                0x00001e06       0x48 ./Source/lwIP/core/ipv4/inet_chksum.o
                0x00001e06                inet_chksum_pbuf
 *fill*         0x00001e4e        0x2 00
 .text.ip_route
                0x00001e50       0x40 ./Source/lwIP/core/ipv4/ip.o
                0x00001e50                ip_route
 .text.ip_input
                0x00001e90      0x148 ./Source/lwIP/core/ipv4/ip.o
                0x00001e90                ip_input
 .text.ip_output_if
                0x00001fd8      0x130 ./Source/lwIP/core/ipv4/ip.o
                0x00001fd8                ip_output_if
 .text.ip_output
                0x00002108       0x64 ./Source/lwIP/core/ipv4/ip.o
                0x00002108                ip_output
 .text.ip4_addr_isbroadcast
                0x0000216c       0x3c ./Source/lwIP/core/ipv4/ip_addr.o
                0x0000216c                ip4_addr_isbroadcast
 .text.ipaddr_aton
                0x000021a8      0x12c ./Source/lwIP/core/ipv4/ip_addr.o
                0x000021a8                ipaddr_aton
 .text.ipaddr_addr
                0x000022d4       0x14 ./Source/lwIP/core/ipv4/ip_addr.o
                0x000022d4                ipaddr_addr
 .text.lwip_htons
                0x000022e8        0xa ./Source/lwIP/core/def.o
                0x000022e8                lwip_htons
 .text.lwip_ntohs
                0x000022f2        0xa ./Source/lwIP/core/def.o
                0x000022f2                lwip_ntohs
 .text.lwip_htonl
                0x000022fc        0x4 ./Source/lwIP/core/def.o
                0x000022fc                lwip_htonl
 .text.lwip_ntohl
                0x00002300        0x4 ./Source/lwIP/core/def.o
                0x00002300                lwip_ntohl
 .text.lwip_init
                0x00002304       0x1e ./Source/lwIP/core/init.o
                0x00002304                lwip_init
 *fill*         0x00002322        0x2 00
 .text.sys_timeout
                0x00002324       0x7c ./Source/lwIP/core/lwip_timers.o
                0x00002324                sys_timeout
 .text.sys_timeouts_init
                0x000023a0       0x10 ./Source/lwIP/core/lwip_timers.o
                0x000023a0                sys_timeouts_init
 .text.arp_timer
                0x000023b0       0x1c ./Source/lwIP/core/lwip_timers.o
 .text.tcp_timer_needed
                0x000023cc       0x34 ./Source/lwIP/core/lwip_timers.o
                0x000023cc                tcp_timer_needed
 .text.tcpip_tcp_timer
                0x00002400       0x38 ./Source/lwIP/core/lwip_timers.o
 .text.sys_untimeout
                0x00002438       0x4c ./Source/lwIP/core/lwip_timers.o
                0x00002438                sys_untimeout
 .text.sys_timeouts_mbox_fetch
                0x00002484       0x64 ./Source/lwIP/core/lwip_timers.o
                0x00002484                sys_timeouts_mbox_fetch
 .text.mem_init
                0x000024e8       0x6c ./Source/lwIP/core/mem.o
                0x000024e8                mem_init
 .text.mem_free
                0x00002554      0x12c ./Source/lwIP/core/mem.o
                0x00002554                mem_free
 .text.mem_trim
                0x00002680      0x104 ./Source/lwIP/core/mem.o
                0x00002680                mem_trim
 .text.mem_malloc
                0x00002784      0x128 ./Source/lwIP/core/mem.o
                0x00002784                mem_malloc
 .text.memp_init
                0x000028ac       0x50 ./Source/lwIP/core/memp.o
                0x000028ac                memp_init
 .text.memp_malloc
                0x000028fc       0x6c ./Source/lwIP/core/memp.o
                0x000028fc                memp_malloc
 .text.memp_free
                0x00002968       0x50 ./Source/lwIP/core/memp.o
                0x00002968                memp_free
 .text.netif_init
                0x000029b8        0x2 ./Source/lwIP/core/netif.o
                0x000029b8                netif_init
 *fill*         0x000029ba        0x2 00
 .text.netif_set_ipaddr
                0x000029bc       0x50 ./Source/lwIP/core/netif.o
                0x000029bc                netif_set_ipaddr
 .text.netif_set_addr
                0x00002a0c       0x1a ./Source/lwIP/core/netif.o
                0x00002a0c                netif_set_addr
 *fill*         0x00002a26        0x2 00
 .text.netif_add
                0x00002a28       0x70 ./Source/lwIP/core/netif.o
                0x00002a28                netif_add
 .text.netif_set_default
                0x00002a98        0xc ./Source/lwIP/core/netif.o
                0x00002a98                netif_set_default
 .text.netif_set_up
                0x00002aa4       0x20 ./Source/lwIP/core/netif.o
                0x00002aa4                netif_set_up
 .text.pbuf_header
                0x00002ac4       0xbc ./Source/lwIP/core/pbuf.o
                0x00002ac4                pbuf_header
 .text.pbuf_free
                0x00002b80       0xa8 ./Source/lwIP/core/pbuf.o
                0x00002b80                pbuf_free
 .text.pbuf_realloc
                0x00002c28       0xd0 ./Source/lwIP/core/pbuf.o
                0x00002c28                pbuf_realloc
 .text.pbuf_alloc
                0x00002cf8      0x1b8 ./Source/lwIP/core/pbuf.o
                0x00002cf8                pbuf_alloc
 .text.pbuf_clen
                0x00002eb0       0x12 ./Source/lwIP/core/pbuf.o
                0x00002eb0                pbuf_clen
 .text.pbuf_ref
                0x00002ec2       0x1a ./Source/lwIP/core/pbuf.o
                0x00002ec2                pbuf_ref
 .text.pbuf_cat
                0x00002edc       0x68 ./Source/lwIP/core/pbuf.o
                0x00002edc                pbuf_cat
 .text.pbuf_copy
                0x00002f44      0x110 ./Source/lwIP/core/pbuf.o
                0x00002f44                pbuf_copy
 .text.pbuf_copy_partial
                0x00003054       0xa4 ./Source/lwIP/core/pbuf.o
                0x00003054                pbuf_copy_partial
 .text.tcp_accept_null
                0x000030f8        0x6 ./Source/lwIP/core/tcp.o
 *fill*         0x000030fe        0x2 00
 .text.tcp_new_port
                0x00003100       0x44 ./Source/lwIP/core/tcp.o
 .text.tcp_bind
                0x00003144       0x88 ./Source/lwIP/core/tcp.o
                0x00003144                tcp_bind
 .text.tcp_listen_with_backlog
                0x000031cc       0xbc ./Source/lwIP/core/tcp.o
                0x000031cc                tcp_listen_with_backlog
 .text.tcp_update_rcv_ann_wnd
                0x00003288       0x64 ./Source/lwIP/core/tcp.o
                0x00003288                tcp_update_rcv_ann_wnd
 .text.tcp_recved
                0x000032ec       0x68 ./Source/lwIP/core/tcp.o
                0x000032ec                tcp_recved
 .text.tcp_seg_free
                0x00003354       0x1c ./Source/lwIP/core/tcp.o
                0x00003354                tcp_seg_free
 .text.tcp_segs_free
                0x00003370       0x12 ./Source/lwIP/core/tcp.o
                0x00003370                tcp_segs_free
 .text.tcp_setprio
                0x00003382        0x4 ./Source/lwIP/core/tcp.o
                0x00003382                tcp_setprio
 .text.tcp_arg  0x00003386        0x4 ./Source/lwIP/core/tcp.o
                0x00003386                tcp_arg
 .text.tcp_recv
                0x0000338a        0x6 ./Source/lwIP/core/tcp.o
                0x0000338a                tcp_recv
 .text.tcp_sent
                0x00003390        0x6 ./Source/lwIP/core/tcp.o
                0x00003390                tcp_sent
 .text.tcp_err  0x00003396        0x6 ./Source/lwIP/core/tcp.o
                0x00003396                tcp_err
 .text.tcp_accept
                0x0000339c        0x4 ./Source/lwIP/core/tcp.o
                0x0000339c                tcp_accept
 .text.tcp_poll
                0x000033a0        0xa ./Source/lwIP/core/tcp.o
                0x000033a0                tcp_poll
 .text.tcp_pcb_purge
                0x000033aa       0x3a ./Source/lwIP/core/tcp.o
                0x000033aa                tcp_pcb_purge
 .text.tcp_slowtmr
                0x000033e4      0x338 ./Source/lwIP/core/tcp.o
                0x000033e4                tcp_slowtmr
 .text.tcp_pcb_remove
                0x0000371c       0xa8 ./Source/lwIP/core/tcp.o
                0x0000371c                tcp_pcb_remove
 .text.tcp_abandon
                0x000037c4       0xb8 ./Source/lwIP/core/tcp.o
                0x000037c4                tcp_abandon
 .text.tcp_abort
                0x0000387c        0x6 ./Source/lwIP/core/tcp.o
                0x0000387c                tcp_abort
 *fill*         0x00003882        0x2 00
 .text.tcp_close_shutdown
                0x00003884      0x144 ./Source/lwIP/core/tcp.o
 .text.tcp_shutdown
                0x000039c8       0x54 ./Source/lwIP/core/tcp.o
                0x000039c8                tcp_shutdown
 .text.tcp_close
                0x00003a1c       0x18 ./Source/lwIP/core/tcp.o
                0x00003a1c                tcp_close
 .text.tcp_recv_null
                0x00003a34       0x24 ./Source/lwIP/core/tcp.o
                0x00003a34                tcp_recv_null
 .text.tcp_fasttmr
                0x00003a58       0x64 ./Source/lwIP/core/tcp.o
                0x00003a58                tcp_fasttmr
 .text.tcp_tmr  0x00003abc       0x24 ./Source/lwIP/core/tcp.o
                0x00003abc                tcp_tmr
 .text.tcp_next_iss
                0x00003ae0       0x18 ./Source/lwIP/core/tcp.o
                0x00003ae0                tcp_next_iss
 .text.tcp_alloc
                0x00003af8      0x104 ./Source/lwIP/core/tcp.o
                0x00003af8                tcp_alloc
 .text.tcp_new  0x00003bfc        0x6 ./Source/lwIP/core/tcp.o
                0x00003bfc                tcp_new
 .text.tcp_eff_send_mss
                0x00003c02       0x1e ./Source/lwIP/core/tcp.o
                0x00003c02                tcp_eff_send_mss
 .text.tcp_connect
                0x00003c20       0xf8 ./Source/lwIP/core/tcp.o
                0x00003c20                tcp_connect
 .text.tcp_parseopt
                0x00003d18       0x84 ./Source/lwIP/core/tcp_in.o
 .text.tcp_receive
                0x00003d9c      0x58c ./Source/lwIP/core/tcp_in.o
 .text.tcp_input
                0x00004328      0x944 ./Source/lwIP/core/tcp_in.o
                0x00004328                tcp_input
 .text.tcp_create_segment
                0x00004c6c       0xae ./Source/lwIP/core/tcp_out.o
 *fill*         0x00004d1a        0x2 00
 .text.tcp_pbuf_prealloc
                0x00004d1c       0x7c ./Source/lwIP/core/tcp_out.o
 .text.tcp_output_alloc_header.constprop.1
                0x00004d98       0x84 ./Source/lwIP/core/tcp_out.o
 .text.tcp_write
                0x00004e1c      0x444 ./Source/lwIP/core/tcp_out.o
                0x00004e1c                tcp_write
 .text.tcp_enqueue_flags
                0x00005260      0x138 ./Source/lwIP/core/tcp_out.o
                0x00005260                tcp_enqueue_flags
 .text.tcp_send_fin
                0x00005398       0x3e ./Source/lwIP/core/tcp_out.o
                0x00005398                tcp_send_fin
 .text.tcp_send_empty_ack
                0x000053d6       0x5c ./Source/lwIP/core/tcp_out.o
                0x000053d6                tcp_send_empty_ack
 *fill*         0x00005432        0x2 00
 .text.tcp_output
                0x00005434      0x2b0 ./Source/lwIP/core/tcp_out.o
                0x00005434                tcp_output
 .text.tcp_rst  0x000056e4       0xc4 ./Source/lwIP/core/tcp_out.o
                0x000056e4                tcp_rst
 .text.tcp_rexmit_rto
                0x000057a8       0x30 ./Source/lwIP/core/tcp_out.o
                0x000057a8                tcp_rexmit_rto
 .text.tcp_rexmit
                0x000057d8       0x46 ./Source/lwIP/core/tcp_out.o
                0x000057d8                tcp_rexmit
 .text.tcp_rexmit_fast
                0x0000581e       0x5a ./Source/lwIP/core/tcp_out.o
                0x0000581e                tcp_rexmit_fast
 .text.tcp_keepalive
                0x00005878       0x52 ./Source/lwIP/core/tcp_out.o
                0x00005878                tcp_keepalive
 .text.tcp_zero_window_probe
                0x000058ca       0xb6 ./Source/lwIP/core/tcp_out.o
                0x000058ca                tcp_zero_window_probe
 .text.netconn_recv_data
                0x00005980      0x118 ./Source/lwIP/api/api_lib.o
 .text.netconn_close_shutdown
                0x00005a98       0x5c ./Source/lwIP/api/api_lib.o
 .text.netconn_new_with_proto_and_callback
                0x00005af4       0xb0 ./Source/lwIP/api/api_lib.o
                0x00005af4                netconn_new_with_proto_and_callback
 .text.netconn_delete
                0x00005ba4       0x24 ./Source/lwIP/api/api_lib.o
                0x00005ba4                netconn_delete
 .text.netconn_getaddr
                0x00005bc8       0x8c ./Source/lwIP/api/api_lib.o
                0x00005bc8                netconn_getaddr
 .text.netconn_bind
                0x00005c54       0x5c ./Source/lwIP/api/api_lib.o
                0x00005c54                netconn_bind
 .text.netconn_connect
                0x00005cb0       0x5c ./Source/lwIP/api/api_lib.o
                0x00005cb0                netconn_connect
 .text.netconn_listen_with_backlog
                0x00005d0c       0x54 ./Source/lwIP/api/api_lib.o
                0x00005d0c                netconn_listen_with_backlog
 .text.netconn_accept
                0x00005d60       0xc4 ./Source/lwIP/api/api_lib.o
                0x00005d60                netconn_accept
 .text.netconn_recv_tcp_pbuf
                0x00005e24       0x38 ./Source/lwIP/api/api_lib.o
                0x00005e24                netconn_recv_tcp_pbuf
 .text.netconn_recv
                0x00005e5c       0xd8 ./Source/lwIP/api/api_lib.o
                0x00005e5c                netconn_recv
 .text.netconn_recved
                0x00005f34       0x28 ./Source/lwIP/api/api_lib.o
                0x00005f34                netconn_recved
 .text.netconn_write
                0x00005f5c       0x88 ./Source/lwIP/api/api_lib.o
                0x00005f5c                netconn_write
 .text.netconn_shutdown
                0x00005fe4       0x16 ./Source/lwIP/api/api_lib.o
                0x00005fe4                netconn_shutdown
 *fill*         0x00005ffa        0x2 00
 .text.setup_tcp
                0x00005ffc       0x44 ./Source/lwIP/api/api_msg.o
 .text.do_close_internal
                0x00006040      0x1a4 ./Source/lwIP/api/api_msg.o
 .text.do_connected
                0x000061e4       0xb8 ./Source/lwIP/api/api_msg.o
 .text.err_tcp  0x0000629c       0xe4 ./Source/lwIP/api/api_msg.o
 .text.recv_tcp
                0x00006380       0xc4 ./Source/lwIP/api/api_msg.o
 .text.do_writemore
                0x00006444      0x164 ./Source/lwIP/api/api_msg.o
 .text.poll_tcp
                0x000065a8       0x78 ./Source/lwIP/api/api_msg.o
 .text.sent_tcp
                0x00006620       0x74 ./Source/lwIP/api/api_msg.o
 .text.do_newconn
                0x00006694       0x3e ./Source/lwIP/api/api_msg.o
                0x00006694                do_newconn
 *fill*         0x000066d2        0x2 00
 .text.netconn_alloc
                0x000066d4       0xac ./Source/lwIP/api/api_msg.o
                0x000066d4                netconn_alloc
 .text.netconn_free
                0x00006780       0x78 ./Source/lwIP/api/api_msg.o
                0x00006780                netconn_free
 .text.netconn_drain
                0x000067f8       0xb4 ./Source/lwIP/api/api_msg.o
 .text.accept_function
                0x000068ac       0x60 ./Source/lwIP/api/api_msg.o
 .text.do_delconn
                0x0000690c       0xcc ./Source/lwIP/api/api_msg.o
                0x0000690c                do_delconn
 .text.do_bind  0x000069d8       0x3a ./Source/lwIP/api/api_msg.o
                0x000069d8                do_bind
 *fill*         0x00006a12        0x2 00
 .text.do_connect
                0x00006a14       0x94 ./Source/lwIP/api/api_msg.o
                0x00006a14                do_connect
 .text.do_listen
                0x00006aa8       0x9c ./Source/lwIP/api/api_msg.o
                0x00006aa8                do_listen
 .text.do_recv  0x00006b44       0x3e ./Source/lwIP/api/api_msg.o
                0x00006b44                do_recv
 *fill*         0x00006b82        0x2 00
 .text.do_write
                0x00006b84       0x88 ./Source/lwIP/api/api_msg.o
                0x00006b84                do_write
 .text.do_getaddr
                0x00006c0c       0x6c ./Source/lwIP/api/api_msg.o
                0x00006c0c                do_getaddr
 .text.do_close
                0x00006c78       0x94 ./Source/lwIP/api/api_msg.o
                0x00006c78                do_close
 .text.netbuf_delete
                0x00006d0c       0x22 ./Source/lwIP/api/netbuf.o
                0x00006d0c                netbuf_delete
 *fill*         0x00006d2e        0x2 00
 .text.get_socket
                0x00006d30       0x20 ./Source/lwIP/api/sockets.o
 .text.alloc_socket
                0x00006d50       0x7c ./Source/lwIP/api/sockets.o
 .text.event_callback
                0x00006dcc      0x14c ./Source/lwIP/api/sockets.o
 .text.lwip_socket_init
                0x00006f18        0x2 ./Source/lwIP/api/sockets.o
                0x00006f18                lwip_socket_init
 *fill*         0x00006f1a        0x2 00
 .text.lwip_accept
                0x00006f1c      0x178 ./Source/lwIP/api/sockets.o
                0x00006f1c                lwip_accept
 .text.lwip_bind
                0x00007094       0x80 ./Source/lwIP/api/sockets.o
                0x00007094                lwip_bind
 .text.lwip_close
                0x00007114       0x80 ./Source/lwIP/api/sockets.o
                0x00007114                lwip_close
 .text.lwip_connect
                0x00007194       0x80 ./Source/lwIP/api/sockets.o
                0x00007194                lwip_connect
 .text.lwip_listen
                0x00007214       0x44 ./Source/lwIP/api/sockets.o
                0x00007214                lwip_listen
 .text.lwip_recvfrom
                0x00007258      0x208 ./Source/lwIP/api/sockets.o
                0x00007258                lwip_recvfrom
 .text.lwip_read
                0x00007460        0xe ./Source/lwIP/api/sockets.o
                0x00007460                lwip_read
 .text.lwip_recv
                0x0000746e        0xe ./Source/lwIP/api/sockets.o
                0x0000746e                lwip_recv
 .text.lwip_send
                0x0000747c       0x80 ./Source/lwIP/api/sockets.o
                0x0000747c                lwip_send
 .text.lwip_socket
                0x000074fc       0x6c ./Source/lwIP/api/sockets.o
                0x000074fc                lwip_socket
 .text.lwip_write
                0x00007568        0x6 ./Source/lwIP/api/sockets.o
                0x00007568                lwip_write
 *fill*         0x0000756e        0x2 00
 .text.lwip_shutdown
                0x00007570       0x6c ./Source/lwIP/api/sockets.o
                0x00007570                lwip_shutdown
 .text.tcpip_thread
                0x000075dc       0xa0 ./Source/lwIP/api/tcpip.o
 .text.tcpip_input
                0x0000767c       0x40 ./Source/lwIP/api/tcpip.o
                0x0000767c                tcpip_input
 .text.tcpip_apimsg
                0x000076bc       0x34 ./Source/lwIP/api/tcpip.o
                0x000076bc                tcpip_apimsg
 .text.tcpip_init
                0x000076f0       0x68 ./Source/lwIP/api/tcpip.o
                0x000076f0                tcpip_init
 .text.pvPortMalloc
                0x00007758       0xb8 ./Source/MemMang/heap_2.o
                0x00007758                pvPortMalloc
 .text.vPortFree
                0x00007810       0x40 ./Source/MemMang/heap_2.o
                0x00007810                vPortFree
 .text.hex2ascii_a_decimal
                0x00007850       0x20 ./Source/LibModbus/src/Lib_Modbus.o
                0x00007850                hex2ascii_a_decimal
 .text.mb_calc_LRC
                0x00007870       0x32 ./Source/LibModbus/src/Lib_Modbus.o
                0x00007870                mb_calc_LRC
 .text.checkLRC
                0x000078a2       0x34 ./Source/LibModbus/src/Lib_Modbus.o
                0x000078a2                checkLRC
 *fill*         0x000078d6        0x2 00
 .text.mb_master_init
                0x000078d8       0x40 ./Source/LibModbus/src/Lib_Modbus.o
                0x000078d8                mb_master_init
 .text.mb_master_configure
                0x00007918       0x58 ./Source/LibModbus/src/Lib_Modbus.o
                0x00007918                mb_master_configure
 .text.mb_master_check_config
                0x00007970       0x7e ./Source/LibModbus/src/Lib_Modbus.o
                0x00007970                mb_master_check_config
 *fill*         0x000079ee        0x2 00
 .text.mb_master_check_preg
                0x000079f0       0x7c ./Source/LibModbus/src/Lib_Modbus.o
                0x000079f0                mb_master_check_preg
 .text.mb_master_send_pdu
                0x00007a6c       0xcc ./Source/LibModbus/src/Lib_Modbus.o
                0x00007a6c                mb_master_send_pdu
 .text.mb_master_read_pdu
                0x00007b38      0x15c ./Source/LibModbus/src/Lib_Modbus.o
                0x00007b38                mb_master_read_pdu
 .text.mb_master_procesa_peticion
                0x00007c94       0x34 ./Source/LibModbus/src/Lib_Modbus.o
                0x00007c94                mb_master_procesa_peticion
 .text.mb_master_exception_error
                0x00007cc8       0x18 ./Source/LibModbus/src/Lib_Modbus.o
                0x00007cc8                mb_master_exception_error
 .text.mb_init_uart
                0x00007ce0       0x70 ./Source/LibModbus/src/uart.o
                0x00007ce0                mb_init_uart
 .text.UART1_IRQHandler
                0x00007d50       0x9c ./Source/LibModbus/src/uart.o
                0x00007d50                UART1_IRQHandler
 .text.UART3_IRQHandler
                0x00007dec       0x9c ./Source/LibModbus/src/uart.o
                0x00007dec                UART3_IRQHandler
 .text.UARTSend
                0x00007e88       0x5c ./Source/LibModbus/src/uart.o
                0x00007e88                UARTSend
 .text.UARTScan
                0x00007ee4       0x8c ./Source/LibModbus/src/uart.o
                0x00007ee4                UARTScan
 .text.gsoap_lwip_fpoll
                0x00007f70        0x4 ./Source/Gsoap/src/gsoap-lwip-io.o
 .text.lwip_plugin_init
                0x00007f74       0x8c ./Source/Gsoap/src/gsoap-lwip-io.o
 .text.lwip_plugin_copy
                0x00008000        0x6 ./Source/Gsoap/src/gsoap-lwip-io.o
 .text.my_tcp_gethost
                0x00008006       0x10 ./Source/Gsoap/src/gsoap-lwip-io.o
 .text.gsoap_lwip_faccept
                0x00008016        0xa ./Source/Gsoap/src/gsoap-lwip-io.o
 .text.gsoap_lwip_fshutdownsocket
                0x00008020        0x8 ./Source/Gsoap/src/gsoap-lwip-io.o
 .text.gsoap_lwip_fclosesocket
                0x00008028        0x6 ./Source/Gsoap/src/gsoap-lwip-io.o
 *fill*         0x0000802e        0x2 00
 .text.gsoap_lwip_fsend
                0x00008030       0x44 ./Source/Gsoap/src/gsoap-lwip-io.o
 .text.lwip_plugin_delete
                0x00008074        0x6 ./Source/Gsoap/src/gsoap-lwip-io.o
 .text.gsoap_lwip_fclose
                0x0000807a       0x34 ./Source/Gsoap/src/gsoap-lwip-io.o
 *fill*         0x000080ae        0x2 00
 .text.tcp_error
                0x000080b0       0x34 ./Source/Gsoap/src/gsoap-lwip-io.o
 .text.gsoap_lwip_fopen
                0x000080e4      0x13c ./Source/Gsoap/src/gsoap-lwip-io.o
 .text.gsoap_lwip_frecv
                0x00008220       0x54 ./Source/Gsoap/src/gsoap-lwip-io.o
 .text.soap_bind
                0x00008274      0x14c ./Source/Gsoap/src/gsoap-lwip-io.o
                0x00008274                soap_bind
 .text.soap_accept
                0x000083c0       0xb0 ./Source/Gsoap/src/gsoap-lwip-io.o
                0x000083c0                soap_accept
 .text.gsoap_lwip_register_handle
                0x00008470        0xc ./Source/Gsoap/src/gsoap-lwip-io.o
                0x00008470                gsoap_lwip_register_handle
 .text.soap_serializeheader
                0x0000847c        0x2 ./Source/Gsoap/src/soapC.o
                0x0000847c                soap_serializeheader
 .text.soap_out_byte
                0x0000847e       0x10 ./Source/Gsoap/src/soapC.o
                0x0000847e                soap_out_byte
 .text.soap_in_byte
                0x0000848e        0xc ./Source/Gsoap/src/soapC.o
                0x0000848e                soap_in_byte
 .text.soap_out_short
                0x0000849a       0x10 ./Source/Gsoap/src/soapC.o
                0x0000849a                soap_out_short
 .text.soap_in_short
                0x000084aa        0xc ./Source/Gsoap/src/soapC.o
                0x000084aa                soap_in_short
 .text.soap_out_int
                0x000084b6       0x10 ./Source/Gsoap/src/soapC.o
                0x000084b6                soap_out_int
 .text.soap_in_int
                0x000084c6        0xc ./Source/Gsoap/src/soapC.o
                0x000084c6                soap_in_int
 .text.soap_out_long
                0x000084d2       0x10 ./Source/Gsoap/src/soapC.o
                0x000084d2                soap_out_long
 .text.soap_in_long
                0x000084e2        0xc ./Source/Gsoap/src/soapC.o
                0x000084e2                soap_in_long
 .text.soap_default_unsignedByte
                0x000084ee        0x6 ./Source/Gsoap/src/soapC.o
                0x000084ee                soap_default_unsignedByte
 .text.soap_out_unsignedByte
                0x000084f4       0x10 ./Source/Gsoap/src/soapC.o
                0x000084f4                soap_out_unsignedByte
 .text.soap_in_unsignedByte
                0x00008504        0xc ./Source/Gsoap/src/soapC.o
                0x00008504                soap_in_unsignedByte
 .text.soap_out_unsignedShort
                0x00008510       0x10 ./Source/Gsoap/src/soapC.o
                0x00008510                soap_out_unsignedShort
 .text.soap_in_unsignedShort
                0x00008520        0xc ./Source/Gsoap/src/soapC.o
                0x00008520                soap_in_unsignedShort
 .text.soap_out_unsignedInt
                0x0000852c       0x10 ./Source/Gsoap/src/soapC.o
                0x0000852c                soap_out_unsignedInt
 .text.soap_in_unsignedInt
                0x0000853c        0xc ./Source/Gsoap/src/soapC.o
                0x0000853c                soap_in_unsignedInt
 .text.soap_out_unsignedLong
                0x00008548       0x10 ./Source/Gsoap/src/soapC.o
                0x00008548                soap_out_unsignedLong
 .text.soap_in_unsignedLong
                0x00008558        0xc ./Source/Gsoap/src/soapC.o
                0x00008558                soap_in_unsignedLong
 .text.soap_default_SOAP_ENV__Fault
                0x00008564       0x16 ./Source/Gsoap/src/soapC.o
                0x00008564                soap_default_SOAP_ENV__Fault
 .text.soap_fault
                0x0000857a       0x66 ./Source/Gsoap/src/soapC.o
                0x0000857a                soap_fault
 .text.soap_faultdetail
                0x000085e0       0x5c ./Source/Gsoap/src/soapC.o
                0x000085e0                soap_faultdetail
 .text.soap_faultstring
                0x0000863c       0x1a ./Source/Gsoap/src/soapC.o
                0x0000863c                soap_faultstring
 .text.soap_faultsubcode
                0x00008656       0x3a ./Source/Gsoap/src/soapC.o
                0x00008656                soap_faultsubcode
 .text.soap_faultcode
                0x00008690       0x18 ./Source/Gsoap/src/soapC.o
                0x00008690                soap_faultcode
 .text.soap_out_SOAP_ENV__Header
                0x000086a8       0x34 ./Source/Gsoap/src/soapC.o
                0x000086a8                soap_out_SOAP_ENV__Header
 .text.soap_putheader
                0x000086dc       0x34 ./Source/Gsoap/src/soapC.o
                0x000086dc                soap_putheader
 .text.soap_default_ns__mb_master_config
                0x00008710        0x6 ./Source/Gsoap/src/soapC.o
                0x00008710                soap_default_ns__mb_master_config
 .text.soap_default_ns__mb_master_configResponse
                0x00008716        0x6 ./Source/Gsoap/src/soapC.o
                0x00008716                soap_default_ns__mb_master_configResponse
 .text.soap_default_ns__mb_master_consulta
                0x0000871c        0x6 ./Source/Gsoap/src/soapC.o
                0x0000871c                soap_default_ns__mb_master_consulta
 .text.soap_serialize_mb_master_config
                0x00008722       0x3e ./Source/Gsoap/src/soapC.o
                0x00008722                soap_serialize_mb_master_config
 .text.soap_out_mb_master_config
                0x00008760       0xe4 ./Source/Gsoap/src/soapC.o
                0x00008760                soap_out_mb_master_config
 .text.soap_default_mb_pdu_decimal
                0x00008844        0xc ./Source/Gsoap/src/soapC.o
                0x00008844                soap_default_mb_pdu_decimal
 .text.soap_serialize_ARREGLO_type
                0x00008850       0x34 ./Source/Gsoap/src/soapC.o
                0x00008850                soap_serialize_ARREGLO_type
 .text.soap_serialize_mb_pdu_decimal
                0x00008884       0x22 ./Source/Gsoap/src/soapC.o
                0x00008884                soap_serialize_mb_pdu_decimal
 *fill*         0x000088a6        0x2 00
 .text.soap_out_ARREGLO_type
                0x000088a8       0xa8 ./Source/Gsoap/src/soapC.o
                0x000088a8                soap_out_ARREGLO_type
 .text.soap_out_mb_pdu_decimal
                0x00008950       0x84 ./Source/Gsoap/src/soapC.o
                0x00008950                soap_out_mb_pdu_decimal
 .text.soap_in_ARREGLO_type
                0x000089d4      0x1a4 ./Source/Gsoap/src/soapC.o
                0x000089d4                soap_in_ARREGLO_type
 .text.soap_serialize_PointerTomb_master_config
                0x00008b78       0x1e ./Source/Gsoap/src/soapC.o
                0x00008b78                soap_serialize_PointerTomb_master_config
 .text.soap_out_PointerTomb_master_config
                0x00008b96       0x40 ./Source/Gsoap/src/soapC.o
                0x00008b96                soap_out_PointerTomb_master_config
 *fill*         0x00008bd6        0x2 00
 .text.soap_out_ns__mb_master_config
                0x00008bd8       0x58 ./Source/Gsoap/src/soapC.o
                0x00008bd8                soap_out_ns__mb_master_config
 .text.soap_serialize_PointerTomb_pdu_decimal
                0x00008c30       0x1e ./Source/Gsoap/src/soapC.o
                0x00008c30                soap_serialize_PointerTomb_pdu_decimal
 .text.soap_out_PointerTomb_pdu_decimal
                0x00008c4e       0x40 ./Source/Gsoap/src/soapC.o
                0x00008c4e                soap_out_PointerTomb_pdu_decimal
 *fill*         0x00008c8e        0x2 00
 .text.soap_out_ns__mb_master_consulta
                0x00008c90       0x58 ./Source/Gsoap/src/soapC.o
                0x00008c90                soap_out_ns__mb_master_consulta
 .text.soap_serialize_PointerTounsignedByte
                0x00008ce8        0x8 ./Source/Gsoap/src/soapC.o
                0x00008ce8                soap_serialize_PointerTounsignedByte
 .text.soap_serialize_ns__mb_master_configResponse
                0x00008cf0        0x4 ./Source/Gsoap/src/soapC.o
                0x00008cf0                soap_serialize_ns__mb_master_configResponse
 .text.soap_out_PointerTounsignedByte
                0x00008cf4       0x40 ./Source/Gsoap/src/soapC.o
                0x00008cf4                soap_out_PointerTounsignedByte
 .text.soap_out_ns__mb_master_configResponse
                0x00008d34       0x58 ./Source/Gsoap/src/soapC.o
                0x00008d34                soap_out_ns__mb_master_configResponse
 .text.soap_in_PointerTounsignedByte
                0x00008d8c       0x92 ./Source/Gsoap/src/soapC.o
                0x00008d8c                soap_in_PointerTounsignedByte
 .text.soap_out__QName
                0x00008e1e       0x10 ./Source/Gsoap/src/soapC.o
                0x00008e1e                soap_out__QName
 *fill*         0x00008e2e        0x2 00
 .text.soap_out_SOAP_ENV__Code
                0x00008e30       0x74 ./Source/Gsoap/src/soapC.o
                0x00008e30                soap_out_SOAP_ENV__Code
 .text.soap_out_PointerToSOAP_ENV__Code
                0x00008ea4       0x40 ./Source/Gsoap/src/soapC.o
                0x00008ea4                soap_out_PointerToSOAP_ENV__Code
 .text.soap_in__QName
                0x00008ee4       0x1c ./Source/Gsoap/src/soapC.o
                0x00008ee4                soap_in__QName
 .text.soap_serialize_string
                0x00008f00        0x8 ./Source/Gsoap/src/soapC.o
                0x00008f00                soap_serialize_string
 .text.soap_serialize_SOAP_ENV__Code
                0x00008f08       0x16 ./Source/Gsoap/src/soapC.o
                0x00008f08                soap_serialize_SOAP_ENV__Code
 .text.soap_serialize_PointerToSOAP_ENV__Code
                0x00008f1e       0x1e ./Source/Gsoap/src/soapC.o
                0x00008f1e                soap_serialize_PointerToSOAP_ENV__Code
 .text.soap_serialize_PointerToSOAP_ENV__Reason
                0x00008f3c       0x1e ./Source/Gsoap/src/soapC.o
                0x00008f3c                soap_serialize_PointerToSOAP_ENV__Reason
 .text.soap_markelement
                0x00008f5a       0x5a ./Source/Gsoap/src/soapC.o
                0x00008f5a                soap_markelement
 .text.soap_serialize_SOAP_ENV__Detail
                0x00008fb4        0xa ./Source/Gsoap/src/soapC.o
                0x00008fb4                soap_serialize_SOAP_ENV__Detail
 .text.soap_serialize_PointerToSOAP_ENV__Detail
                0x00008fbe       0x1e ./Source/Gsoap/src/soapC.o
                0x00008fbe                soap_serialize_PointerToSOAP_ENV__Detail
 .text.soap_serialize_SOAP_ENV__Fault
                0x00008fdc       0x5c ./Source/Gsoap/src/soapC.o
                0x00008fdc                soap_serialize_SOAP_ENV__Fault
 .text.soap_serializefault
                0x00009038        0xc ./Source/Gsoap/src/soapC.o
                0x00009038                soap_serializefault
 .text.soap_out_string
                0x00009044       0x10 ./Source/Gsoap/src/soapC.o
                0x00009044                soap_out_string
 .text.soap_out_SOAP_ENV__Reason
                0x00009054       0x68 ./Source/Gsoap/src/soapC.o
                0x00009054                soap_out_SOAP_ENV__Reason
 .text.soap_out_PointerToSOAP_ENV__Reason
                0x000090bc       0x40 ./Source/Gsoap/src/soapC.o
                0x000090bc                soap_out_PointerToSOAP_ENV__Reason
 .text.soap_putelement
                0x000090fc      0x14c ./Source/Gsoap/src/soapC.o
                0x000090fc                soap_putelement
 .text.soap_out_SOAP_ENV__Detail
                0x00009248       0x64 ./Source/Gsoap/src/soapC.o
                0x00009248                soap_out_SOAP_ENV__Detail
 .text.soap_out_PointerToSOAP_ENV__Detail
                0x000092ac       0x40 ./Source/Gsoap/src/soapC.o
                0x000092ac                soap_out_PointerToSOAP_ENV__Detail
 .text.soap_putindependent
                0x000092ec       0x64 ./Source/Gsoap/src/soapC.o
                0x000092ec                soap_putindependent
 .text.soap_put_mb_pdu_decimal
                0x00009350       0x3e ./Source/Gsoap/src/soapC.o
                0x00009350                soap_put_mb_pdu_decimal
 .text.soap_put_ns__mb_master_configResponse
                0x0000938e       0x3e ./Source/Gsoap/src/soapC.o
                0x0000938e                soap_put_ns__mb_master_configResponse
 .text.soap_out_SOAP_ENV__Fault
                0x000093cc      0x128 ./Source/Gsoap/src/soapC.o
                0x000093cc                soap_out_SOAP_ENV__Fault
 .text.soap_put_SOAP_ENV__Fault
                0x000094f4       0x3e ./Source/Gsoap/src/soapC.o
                0x000094f4                soap_put_SOAP_ENV__Fault
 *fill*         0x00009532        0x2 00
 .text.soap_putfault
                0x00009534       0x18 ./Source/Gsoap/src/soapC.o
                0x00009534                soap_putfault
 .text.soap_in_string
                0x0000954c       0x1c ./Source/Gsoap/src/soapC.o
                0x0000954c                soap_in_string
 .text.soap_getelement
                0x00009568      0x3d4 ./Source/Gsoap/src/soapC.o
                0x00009568                soap_getelement
 .text.soap_ignore_element
                0x0000993c       0xc8 ./Source/Gsoap/src/soapC.o
                0x0000993c                soap_ignore_element
 .text.soap_in_mb_pdu_decimal
                0x00009a04      0x160 ./Source/Gsoap/src/soapC.o
                0x00009a04                soap_in_mb_pdu_decimal
 .text.soap_in_PointerTomb_pdu_decimal
                0x00009b64       0x92 ./Source/Gsoap/src/soapC.o
                0x00009b64                soap_in_PointerTomb_pdu_decimal
 *fill*         0x00009bf6        0x2 00
 .text.soap_in_mb_master_config
                0x00009bf8      0x228 ./Source/Gsoap/src/soapC.o
                0x00009bf8                soap_in_mb_master_config
 .text.soap_in_PointerTomb_master_config
                0x00009e20       0x8e ./Source/Gsoap/src/soapC.o
                0x00009e20                soap_in_PointerTomb_master_config
 *fill*         0x00009eae        0x2 00
 .text.soap_in_ns__mb_master_consulta
                0x00009eb0       0xdc ./Source/Gsoap/src/soapC.o
                0x00009eb0                soap_in_ns__mb_master_consulta
 .text.soap_in_ns__mb_master_configResponse
                0x00009f8c       0xdc ./Source/Gsoap/src/soapC.o
                0x00009f8c                soap_in_ns__mb_master_configResponse
 .text.soap_in_ns__mb_master_config
                0x0000a068       0xdc ./Source/Gsoap/src/soapC.o
                0x0000a068                soap_in_ns__mb_master_config
 .text.soap_in_SOAP_ENV__Header
                0x0000a144       0xa0 ./Source/Gsoap/src/soapC.o
                0x0000a144                soap_in_SOAP_ENV__Header
 .text.soap_getheader
                0x0000a1e4       0x2c ./Source/Gsoap/src/soapC.o
                0x0000a1e4                soap_getheader
 .text.soap_getindependent
                0x0000a210       0x38 ./Source/Gsoap/src/soapC.o
                0x0000a210                soap_getindependent
 .text.soap_get_ns__mb_master_consulta
                0x0000a248       0x22 ./Source/Gsoap/src/soapC.o
                0x0000a248                soap_get_ns__mb_master_consulta
 .text.soap_get_ns__mb_master_config
                0x0000a26a       0x22 ./Source/Gsoap/src/soapC.o
                0x0000a26a                soap_get_ns__mb_master_config
 .text.soap_serve_ns__mb_master_consulta
                0x0000a28c      0x124 ./Source/Gsoap/src/soapServer.o
                0x0000a28c                soap_serve_ns__mb_master_consulta
 .text.soap_serve_ns__mb_master_config
                0x0000a3b0      0x134 ./Source/Gsoap/src/soapServer.o
                0x0000a3b0                soap_serve_ns__mb_master_config
 .text.soap_serve_request
                0x0000a4e4       0x58 ./Source/Gsoap/src/soapServer.o
                0x0000a4e4                soap_serve_request
 .text.soap_serve
                0x0000a53c       0x84 ./Source/Gsoap/src/soapServer.o
                0x0000a53c                soap_serve
 .text.http_get
                0x0000a5c0        0x4 ./Source/Gsoap/src/stdsoap2.o
 .text.http_405
                0x0000a5c4        0x6 ./Source/Gsoap/src/stdsoap2.o
 .text.soap_free_iht
                0x0000a5ca       0x32 ./Source/Gsoap/src/stdsoap2.o
 .text.soap_free_ns
                0x0000a5fc       0x18 ./Source/Gsoap/src/stdsoap2.o
 .text.soap_set_error
                0x0000a614       0x4a ./Source/Gsoap/src/stdsoap2.o
 .text.fplugin  0x0000a65e       0x26 ./Source/Gsoap/src/stdsoap2.o
 .text.soap_fcopy
                0x0000a684        0xa ./Source/Gsoap/src/stdsoap2.o
                0x0000a684                soap_fcopy
 .text.soap_getchunkchar
                0x0000a68e       0x48 ./Source/Gsoap/src/stdsoap2.o
 .text.soap_isxdigit
                0x0000a6d6       0x24 ./Source/Gsoap/src/stdsoap2.o
 .text.soap_recv_raw
                0x0000a6fa      0x152 ./Source/Gsoap/src/stdsoap2.o
                0x0000a6fa                soap_recv_raw
 .text.soap_get0
                0x0000a84c       0x28 ./Source/Gsoap/src/stdsoap2.o
                0x0000a84c                soap_get0
 .text.soap_get1
                0x0000a874       0x2e ./Source/Gsoap/src/stdsoap2.o
                0x0000a874                soap_get1
 .text.soap_getchar
                0x0000a8a2       0x1a ./Source/Gsoap/src/stdsoap2.o
                0x0000a8a2                soap_getchar
 .text.soap_new_block
                0x0000a8bc       0x24 ./Source/Gsoap/src/stdsoap2.o
                0x0000a8bc                soap_new_block
 .text.soap_push_block
                0x0000a8e0       0x32 ./Source/Gsoap/src/stdsoap2.o
                0x0000a8e0                soap_push_block
 .text.soap_flush_raw
                0x0000a912       0x3e ./Source/Gsoap/src/stdsoap2.o
                0x0000a912                soap_flush_raw
 .text.soap_flush
                0x0000a950       0x18 ./Source/Gsoap/src/stdsoap2.o
                0x0000a950                soap_flush
 .text.soap_send_raw
                0x0000a968       0x8e ./Source/Gsoap/src/stdsoap2.o
                0x0000a968                soap_send_raw
 .text.http_send_header
                0x0000a9f6       0x38 ./Source/Gsoap/src/stdsoap2.o
 *fill*         0x0000aa2e        0x2 00
 .text.http_post_header
                0x0000aa30       0x44 ./Source/Gsoap/src/stdsoap2.o
 .text.soap_send
                0x0000aa74       0x1e ./Source/Gsoap/src/stdsoap2.o
                0x0000aa74                soap_send
 *fill*         0x0000aa92        0x2 00
 .text.soap_pututf8
                0x0000aa94       0x34 ./Source/Gsoap/src/stdsoap2.o
                0x0000aa94                soap_pututf8
 .text.soap_pop_block
                0x0000aac8       0x1a ./Source/Gsoap/src/stdsoap2.o
                0x0000aac8                soap_pop_block
 .text.soap_first_block
                0x0000aae2       0x1e ./Source/Gsoap/src/stdsoap2.o
                0x0000aae2                soap_first_block
 .text.soap_next_block
                0x0000ab00       0x1c ./Source/Gsoap/src/stdsoap2.o
                0x0000ab00                soap_next_block
 .text.soap_end_block
                0x0000ab1c       0x48 ./Source/Gsoap/src/stdsoap2.o
                0x0000ab1c                soap_end_block
 .text.soap_putsizesoffsets
                0x0000ab64       0xe8 ./Source/Gsoap/src/stdsoap2.o
                0x0000ab64                soap_putsizesoffsets
 .text.soap_putsizes
                0x0000ac4c        0xc ./Source/Gsoap/src/stdsoap2.o
                0x0000ac4c                soap_putsizes
 .text.soap_putsize
                0x0000ac58       0x12 ./Source/Gsoap/src/stdsoap2.o
                0x0000ac58                soap_putsize
 *fill*         0x0000ac6a        0x2 00
 .text.soap_getsize
                0x0000ac6c       0x90 ./Source/Gsoap/src/stdsoap2.o
                0x0000ac6c                soap_getsize
 .text.soap_getposition
                0x0000acfc       0x44 ./Source/Gsoap/src/stdsoap2.o
                0x0000acfc                soap_getposition
 .text.soap_pop_namespace
                0x0000ad40       0x20 ./Source/Gsoap/src/stdsoap2.o
                0x0000ad40                soap_pop_namespace
 .text.soap_match_namespace
                0x0000ad60       0xb4 ./Source/Gsoap/src/stdsoap2.o
                0x0000ad60                soap_match_namespace
 .text.soap_tag_cmp
                0x0000ae14       0x90 ./Source/Gsoap/src/stdsoap2.o
                0x0000ae14                soap_tag_cmp
 .text.soap_push_namespace
                0x0000aea4       0xe6 ./Source/Gsoap/src/stdsoap2.o
                0x0000aea4                soap_push_namespace
 *fill*         0x0000af8a        0x2 00
 .text.soap_get
                0x0000af8c      0x2b4 ./Source/Gsoap/src/stdsoap2.o
                0x0000af8c                soap_get
 .text.soap_getattrval
                0x0000b240       0xd2 ./Source/Gsoap/src/stdsoap2.o
 .text.soap_getutf8
                0x0000b312       0xe2 ./Source/Gsoap/src/stdsoap2.o
                0x0000b312                soap_getutf8
 .text.soap_match_tag
                0x0000b3f4       0xaa ./Source/Gsoap/src/stdsoap2.o
                0x0000b3f4                soap_match_tag
 *fill*         0x0000b49e        0x2 00
 .text.soap_match_array
                0x0000b4a0       0x44 ./Source/Gsoap/src/stdsoap2.o
                0x0000b4a0                soap_match_array
 .text.soap_closesock
                0x0000b4e4       0x44 ./Source/Gsoap/src/stdsoap2.o
                0x0000b4e4                soap_closesock
 .text.soap_hash
                0x0000b528       0x24 ./Source/Gsoap/src/stdsoap2.o
                0x0000b528                soap_hash
 .text.soap_pointer_lookup
                0x0000b54c       0x32 ./Source/Gsoap/src/stdsoap2.o
                0x0000b54c                soap_pointer_lookup
 .text.soap_pointer_enter
                0x0000b57e       0x8c ./Source/Gsoap/src/stdsoap2.o
                0x0000b57e                soap_pointer_enter
 .text.soap_array_pointer_lookup
                0x0000b60a       0x68 ./Source/Gsoap/src/stdsoap2.o
                0x0000b60a                soap_array_pointer_lookup
 .text.soap_end_count
                0x0000b672        0x4 ./Source/Gsoap/src/stdsoap2.o
                0x0000b672                soap_end_count
 .text.soap_embedded
                0x0000b676       0x14 ./Source/Gsoap/src/stdsoap2.o
                0x0000b676                soap_embedded
 .text.soap_reference
                0x0000b68a       0x56 ./Source/Gsoap/src/stdsoap2.o
                0x0000b68a                soap_reference
 .text.soap_array_reference
                0x0000b6e0       0x5e ./Source/Gsoap/src/stdsoap2.o
                0x0000b6e0                soap_array_reference
 .text.soap_embedded_id
                0x0000b73e       0x90 ./Source/Gsoap/src/stdsoap2.o
                0x0000b73e                soap_embedded_id
 .text.soap_is_embedded
                0x0000b7ce       0x4c ./Source/Gsoap/src/stdsoap2.o
                0x0000b7ce                soap_is_embedded
 .text.soap_is_single
                0x0000b81a       0x2a ./Source/Gsoap/src/stdsoap2.o
                0x0000b81a                soap_is_single
 .text.soap_set_embedded
                0x0000b844       0x16 ./Source/Gsoap/src/stdsoap2.o
                0x0000b844                soap_set_embedded
 .text.soap_embed
                0x0000b85a       0x64 ./Source/Gsoap/src/stdsoap2.o
                0x0000b85a                soap_embed
 .text.soap_lookup
                0x0000b8be       0x2a ./Source/Gsoap/src/stdsoap2.o
                0x0000b8be                soap_lookup
 .text.soap_enter
                0x0000b8e8       0x38 ./Source/Gsoap/src/stdsoap2.o
                0x0000b8e8                soap_enter
 .text.soap_malloc
                0x0000b920       0x60 ./Source/Gsoap/src/stdsoap2.o
                0x0000b920                soap_malloc
 .text.soap_save_block
                0x0000b980      0x104 ./Source/Gsoap/src/stdsoap2.o
                0x0000b980                soap_save_block
 .text.soap_resolve
                0x0000ba84      0x152 ./Source/Gsoap/src/stdsoap2.o
                0x0000ba84                soap_resolve
 .text.soap_strdup
                0x0000bbd6       0x28 ./Source/Gsoap/src/stdsoap2.o
                0x0000bbd6                soap_strdup
 *fill*         0x0000bbfe        0x2 00
 .text.http_parse_header
                0x0000bc00      0x1a0 ./Source/Gsoap/src/stdsoap2.o
 .text.soap_delete
                0x0000bda0       0x62 ./Source/Gsoap/src/stdsoap2.o
                0x0000bda0                soap_delete
 *fill*         0x0000be02        0x2 00
 .text.soap_dealloc
                0x0000be04       0x9c ./Source/Gsoap/src/stdsoap2.o
                0x0000be04                soap_dealloc
 .text.soap_lookup_type
                0x0000bea0       0x1a ./Source/Gsoap/src/stdsoap2.o
                0x0000bea0                soap_lookup_type
 .text.soap_id_lookup
                0x0000beba       0xfe ./Source/Gsoap/src/stdsoap2.o
                0x0000beba                soap_id_lookup
 .text.soap_id_forward
                0x0000bfb8       0xd8 ./Source/Gsoap/src/stdsoap2.o
                0x0000bfb8                soap_id_forward
 .text.soap_id_enter
                0x0000c090       0xde ./Source/Gsoap/src/stdsoap2.o
                0x0000c090                soap_id_enter
 .text.soap_end_send
                0x0000c16e       0xf0 ./Source/Gsoap/src/stdsoap2.o
                0x0000c16e                soap_end_send
 .text.soap_end_recv
                0x0000c25e       0x4e ./Source/Gsoap/src/stdsoap2.o
                0x0000c25e                soap_end_recv
 .text.soap_free_temp
                0x0000c2ac       0xc8 ./Source/Gsoap/src/stdsoap2.o
                0x0000c2ac                soap_free_temp
 .text.soap_copy_context
                0x0000c374       0xe2 ./Source/Gsoap/src/stdsoap2.o
                0x0000c374                soap_copy_context
 .text.soap_copy
                0x0000c456       0x16 ./Source/Gsoap/src/stdsoap2.o
                0x0000c456                soap_copy
 .text.soap_begin
                0x0000c46c       0x64 ./Source/Gsoap/src/stdsoap2.o
                0x0000c46c                soap_begin
 .text.soap_init
                0x0000c4d0      0x1ac ./Source/Gsoap/src/stdsoap2.o
                0x0000c4d0                soap_init
 .text.soap_end
                0x0000c67c       0x38 ./Source/Gsoap/src/stdsoap2.o
                0x0000c67c                soap_end
 .text.soap_set_local_namespaces
                0x0000c6b4       0x4c ./Source/Gsoap/src/stdsoap2.o
                0x0000c6b4                soap_set_local_namespaces
 .text.soap_element_end_out
                0x0000c700       0x4c ./Source/Gsoap/src/stdsoap2.o
                0x0000c700                soap_element_end_out
 .text.soap_element_end_in
                0x0000c74c       0xba ./Source/Gsoap/src/stdsoap2.o
                0x0000c74c                soap_element_end_in
 *fill*         0x0000c806        0x2 00
 .text.soap_set_attr
                0x0000c808       0xe4 ./Source/Gsoap/src/stdsoap2.o
                0x0000c808                soap_set_attr
 .text.soap_clr_attr
                0x0000c8ec       0x14 ./Source/Gsoap/src/stdsoap2.o
                0x0000c8ec                soap_clr_attr
 .text.soap_begin_send
                0x0000c900       0xb8 ./Source/Gsoap/src/stdsoap2.o
                0x0000c900                soap_begin_send
 .text.soap_begin_count
                0x0000c9b8       0x62 ./Source/Gsoap/src/stdsoap2.o
                0x0000c9b8                soap_begin_count
 .text.soap_append_lab
                0x0000ca1a       0x88 ./Source/Gsoap/src/stdsoap2.o
                0x0000ca1a                soap_append_lab
 *fill*         0x0000caa2        0x2 00
 .text.soap_peek_element
                0x0000caa4      0x658 ./Source/Gsoap/src/stdsoap2.o
                0x0000caa4                soap_peek_element
 .text.soap_element_begin_in
                0x0000d0fc       0xb4 ./Source/Gsoap/src/stdsoap2.o
                0x0000d0fc                soap_element_begin_in
 .text.soap_revert
                0x0000d1b0       0x20 ./Source/Gsoap/src/stdsoap2.o
                0x0000d1b0                soap_revert
 .text.soap_string_out
                0x0000d1d0      0x140 ./Source/Gsoap/src/stdsoap2.o
                0x0000d1d0                soap_string_out
 .text.soap_attribute
                0x0000d310       0x58 ./Source/Gsoap/src/stdsoap2.o
                0x0000d310                soap_attribute
 .text.soap_element
                0x0000d368      0x218 ./Source/Gsoap/src/stdsoap2.o
                0x0000d368                soap_element
 .text.soap_element_start_end_out
                0x0000d580       0xa8 ./Source/Gsoap/src/stdsoap2.o
                0x0000d580                soap_element_start_end_out
 .text.soap_element_null
                0x0000d628       0x80 ./Source/Gsoap/src/stdsoap2.o
                0x0000d628                soap_element_null
 .text.soap_element_href
                0x0000d6a8       0x2e ./Source/Gsoap/src/stdsoap2.o
                0x0000d6a8                soap_element_href
 *fill*         0x0000d6d6        0x2 00
 .text.soap_element_ref
                0x0000d6d8       0x58 ./Source/Gsoap/src/stdsoap2.o
                0x0000d6d8                soap_element_ref
 .text.soap_element_id
                0x0000d730       0x86 ./Source/Gsoap/src/stdsoap2.o
                0x0000d730                soap_element_id
 .text.soap_element_begin_out
                0x0000d7b6       0x2a ./Source/Gsoap/src/stdsoap2.o
                0x0000d7b6                soap_element_begin_out
 .text.soap_array_begin_out
                0x0000d7e0       0xb4 ./Source/Gsoap/src/stdsoap2.o
                0x0000d7e0                soap_array_begin_out
 .text.soap_s2int
                0x0000d894       0x36 ./Source/Gsoap/src/stdsoap2.o
                0x0000d894                soap_s2int
 *fill*         0x0000d8ca        0x2 00
 .text.soap_long2s
                0x0000d8cc       0x1c ./Source/Gsoap/src/stdsoap2.o
                0x0000d8cc                soap_long2s
 .text.soap_outint
                0x0000d8e8       0x4c ./Source/Gsoap/src/stdsoap2.o
                0x0000d8e8                soap_outint
 .text.soap_outlong
                0x0000d934       0x4c ./Source/Gsoap/src/stdsoap2.o
                0x0000d934                soap_outlong
 .text.soap_s2long
                0x0000d980       0x36 ./Source/Gsoap/src/stdsoap2.o
                0x0000d980                soap_s2long
 .text.soap_outbyte
                0x0000d9b6       0x4c ./Source/Gsoap/src/stdsoap2.o
                0x0000d9b6                soap_outbyte
 .text.soap_s2byte
                0x0000da02       0x3a ./Source/Gsoap/src/stdsoap2.o
                0x0000da02                soap_s2byte
 .text.soap_outshort
                0x0000da3c       0x4e ./Source/Gsoap/src/stdsoap2.o
                0x0000da3c                soap_outshort
 .text.soap_s2short
                0x0000da8a       0x3c ./Source/Gsoap/src/stdsoap2.o
                0x0000da8a                soap_s2short
 .text.soap_s2unsignedByte
                0x0000dac6       0x34 ./Source/Gsoap/src/stdsoap2.o
                0x0000dac6                soap_s2unsignedByte
 .text.soap_s2unsignedShort
                0x0000dafa       0x36 ./Source/Gsoap/src/stdsoap2.o
                0x0000dafa                soap_s2unsignedShort
 .text.soap_s2unsignedInt
                0x0000db30       0x36 ./Source/Gsoap/src/stdsoap2.o
                0x0000db30                soap_s2unsignedInt
 *fill*         0x0000db66        0x2 00
 .text.soap_unsignedLong2s
                0x0000db68       0x1c ./Source/Gsoap/src/stdsoap2.o
                0x0000db68                soap_unsignedLong2s
 .text.soap_outunsignedInt
                0x0000db84       0x4c ./Source/Gsoap/src/stdsoap2.o
                0x0000db84                soap_outunsignedInt
 .text.soap_outunsignedShort
                0x0000dbd0       0x4c ./Source/Gsoap/src/stdsoap2.o
                0x0000dbd0                soap_outunsignedShort
 .text.soap_outunsignedByte
                0x0000dc1c       0x4c ./Source/Gsoap/src/stdsoap2.o
                0x0000dc1c                soap_outunsignedByte
 .text.soap_outunsignedLong
                0x0000dc68       0x4c ./Source/Gsoap/src/stdsoap2.o
                0x0000dc68                soap_outunsignedLong
 .text.soap_s2unsignedLong
                0x0000dcb4       0x36 ./Source/Gsoap/src/stdsoap2.o
                0x0000dcb4                soap_s2unsignedLong
 *fill*         0x0000dcea        0x2 00
 .text.soap_s2QName
                0x0000dcec      0x1ac ./Source/Gsoap/src/stdsoap2.o
                0x0000dcec                soap_s2QName
 .text.soap_string_in
                0x0000de98      0x348 ./Source/Gsoap/src/stdsoap2.o
                0x0000de98                soap_string_in
 .text.soap_QName2s
                0x0000e1e0      0x134 ./Source/Gsoap/src/stdsoap2.o
                0x0000e1e0                soap_QName2s
 .text.soap_outstring
                0x0000e314       0x68 ./Source/Gsoap/src/stdsoap2.o
                0x0000e314                soap_outstring
 .text.soap_instring
                0x0000e37c      0x10c ./Source/Gsoap/src/stdsoap2.o
                0x0000e37c                soap_instring
 .text.soap_outliteral
                0x0000e488       0xdc ./Source/Gsoap/src/stdsoap2.o
                0x0000e488                soap_outliteral
 .text.soap_value
                0x0000e564       0x70 ./Source/Gsoap/src/stdsoap2.o
                0x0000e564                soap_value
 .text.soap_inunsignedLong
                0x0000e5d4       0xa4 ./Source/Gsoap/src/stdsoap2.o
                0x0000e5d4                soap_inunsignedLong
 .text.soap_inunsignedInt
                0x0000e678       0xa4 ./Source/Gsoap/src/stdsoap2.o
                0x0000e678                soap_inunsignedInt
 .text.soap_inunsignedShort
                0x0000e71c       0xa4 ./Source/Gsoap/src/stdsoap2.o
                0x0000e71c                soap_inunsignedShort
 .text.soap_inunsignedByte
                0x0000e7c0       0xa4 ./Source/Gsoap/src/stdsoap2.o
                0x0000e7c0                soap_inunsignedByte
 .text.soap_inshort
                0x0000e864       0xa4 ./Source/Gsoap/src/stdsoap2.o
                0x0000e864                soap_inshort
 .text.soap_inbyte
                0x0000e908       0xa4 ./Source/Gsoap/src/stdsoap2.o
                0x0000e908                soap_inbyte
 .text.soap_inlong
                0x0000e9ac       0xa4 ./Source/Gsoap/src/stdsoap2.o
                0x0000e9ac                soap_inlong
 .text.soap_inint
                0x0000ea50       0xa4 ./Source/Gsoap/src/stdsoap2.o
                0x0000ea50                soap_inint
 .text.soap_getline
                0x0000eaf4       0x7c ./Source/Gsoap/src/stdsoap2.o
                0x0000eaf4                soap_getline
 .text.soap_begin_recv
                0x0000eb70      0x176 ./Source/Gsoap/src/stdsoap2.o
                0x0000eb70                soap_begin_recv
 *fill*         0x0000ece6        0x2 00
 .text.soap_envelope_begin_out
                0x0000ece8       0x18 ./Source/Gsoap/src/stdsoap2.o
                0x0000ece8                soap_envelope_begin_out
 .text.soap_envelope_end_out
                0x0000ed00       0x24 ./Source/Gsoap/src/stdsoap2.o
                0x0000ed00                soap_envelope_end_out
 .text.soap_envelope_begin_in
                0x0000ed24       0xc4 ./Source/Gsoap/src/stdsoap2.o
                0x0000ed24                soap_envelope_begin_in
 .text.soap_envelope_end_in
                0x0000ede8       0x14 ./Source/Gsoap/src/stdsoap2.o
                0x0000ede8                soap_envelope_end_in
 .text.soap_body_begin_out
                0x0000edfc       0x3c ./Source/Gsoap/src/stdsoap2.o
                0x0000edfc                soap_body_begin_out
 .text.soap_body_end_out
                0x0000ee38       0x24 ./Source/Gsoap/src/stdsoap2.o
                0x0000ee38                soap_body_end_out
 .text.soap_body_begin_in
                0x0000ee5c       0x34 ./Source/Gsoap/src/stdsoap2.o
                0x0000ee5c                soap_body_begin_in
 .text.soap_body_end_in
                0x0000ee90       0x20 ./Source/Gsoap/src/stdsoap2.o
                0x0000ee90                soap_body_end_in
 .text.soap_recv_header
                0x0000eeb0       0x34 ./Source/Gsoap/src/stdsoap2.o
                0x0000eeb0                soap_recv_header
 .text.soap_puthttphdr
                0x0000eee4       0xb8 ./Source/Gsoap/src/stdsoap2.o
                0x0000eee4                soap_puthttphdr
 .text.http_response
                0x0000ef9c      0x13c ./Source/Gsoap/src/stdsoap2.o
 .text.http_post
                0x0000f0d8      0x1b4 ./Source/Gsoap/src/stdsoap2.o
 .text.soap_response
                0x0000f28c       0x74 ./Source/Gsoap/src/stdsoap2.o
                0x0000f28c                soap_response
 .text.soap_set_fault
                0x0000f300       0x68 ./Source/Gsoap/src/stdsoap2.o
                0x0000f300                soap_set_fault
 .text.soap_send_fault
                0x0000f368       0xd2 ./Source/Gsoap/src/stdsoap2.o
                0x0000f368                soap_send_fault
 *fill*         0x0000f43a        0x2 00
 .text.soap_set_sender_error
                0x0000f43c       0x28 ./Source/Gsoap/src/stdsoap2.o
                0x0000f43c                soap_set_sender_error
 .text.soap_set_receiver_error
                0x0000f464       0x28 ./Source/Gsoap/src/stdsoap2.o
                0x0000f464                soap_set_receiver_error
 .text.http_parse
                0x0000f48c      0x354 ./Source/Gsoap/src/stdsoap2.o
 .text.soap_print_fault
                0x0000f7e0       0xcc ./Source/Gsoap/src/stdsoap2.o
                0x0000f7e0                soap_print_fault
 .text.soap_register_plugin_arg
                0x0000f8ac       0x4c ./Source/Gsoap/src/stdsoap2.o
                0x0000f8ac                soap_register_plugin_arg
 .text.soap_lookup_plugin
                0x0000f8f8        0xa ./Source/Gsoap/src/stdsoap2.o
                0x0000f8f8                soap_lookup_plugin
 *fill*         0x0000f902        0x2 00
 .text.prvPortStartFirstTask
                0x0000f904       0x14 ./Source/FreeRTOS-Products/FreeRTOS/portable/GCC/ARM_CM3/port.o
 .text.pxPortInitialiseStack
                0x0000f918       0x16 ./Source/FreeRTOS-Products/FreeRTOS/portable/GCC/ARM_CM3/port.o
                0x0000f918                pxPortInitialiseStack
 *fill*         0x0000f92e        0x2 00
 .text.SVCall_Handler
                0x0000f930       0x20 ./Source/FreeRTOS-Products/FreeRTOS/portable/GCC/ARM_CM3/port.o
                0x0000f930                SVCall_Handler
 .text.vPortYieldFromISR
                0x0000f950       0x10 ./Source/FreeRTOS-Products/FreeRTOS/portable/GCC/ARM_CM3/port.o
                0x0000f950                vPortYieldFromISR
 .text.ulPortSetInterruptMask
                0x0000f960       0x10 ./Source/FreeRTOS-Products/FreeRTOS/portable/GCC/ARM_CM3/port.o
                0x0000f960                ulPortSetInterruptMask
 .text.vPortEnterCritical
                0x0000f970       0x14 ./Source/FreeRTOS-Products/FreeRTOS/portable/GCC/ARM_CM3/port.o
                0x0000f970                vPortEnterCritical
 .text.vPortClearInterruptMask
                0x0000f984        0x6 ./Source/FreeRTOS-Products/FreeRTOS/portable/GCC/ARM_CM3/port.o
                0x0000f984                vPortClearInterruptMask
 *fill*         0x0000f98a        0x2 00
 .text.vPortExitCritical
                0x0000f98c       0x14 ./Source/FreeRTOS-Products/FreeRTOS/portable/GCC/ARM_CM3/port.o
                0x0000f98c                vPortExitCritical
 .text.PendSV_Handler
                0x0000f9a0       0x3c ./Source/FreeRTOS-Products/FreeRTOS/portable/GCC/ARM_CM3/port.o
                0x0000f9a0                PendSV_Handler
 .text.SysTick_Handler
                0x0000f9dc       0x20 ./Source/FreeRTOS-Products/FreeRTOS/portable/GCC/ARM_CM3/port.o
                0x0000f9dc                SysTick_Handler
 .text.vPortSetupTimerInterrupt
                0x0000f9fc       0x24 ./Source/FreeRTOS-Products/FreeRTOS/portable/GCC/ARM_CM3/port.o
                0x0000f9fc                vPortSetupTimerInterrupt
 .text.xPortStartScheduler
                0x0000fa20       0x30 ./Source/FreeRTOS-Products/FreeRTOS/portable/GCC/ARM_CM3/port.o
                0x0000fa20                xPortStartScheduler
 .text.vListInitialise
                0x0000fa50       0x16 ./Source/FreeRTOS-Products/FreeRTOS/list.o
                0x0000fa50                vListInitialise
 .text.vListInitialiseItem
                0x0000fa66        0x6 ./Source/FreeRTOS-Products/FreeRTOS/list.o
                0x0000fa66                vListInitialiseItem
 .text.vListInsertEnd
                0x0000fa6c       0x1a ./Source/FreeRTOS-Products/FreeRTOS/list.o
                0x0000fa6c                vListInsertEnd
 .text.vListInsert
                0x0000fa86       0x30 ./Source/FreeRTOS-Products/FreeRTOS/list.o
                0x0000fa86                vListInsert
 .text.uxListRemove
                0x0000fab6       0x22 ./Source/FreeRTOS-Products/FreeRTOS/list.o
                0x0000fab6                uxListRemove
 .text.prvCopyDataFromQueue
                0x0000fad8       0x26 ./Source/FreeRTOS-Products/FreeRTOS/queue.o
 .text.prvUnlockQueue
                0x0000fafe       0x68 ./Source/FreeRTOS-Products/FreeRTOS/queue.o
 .text.prvCopyDataToQueue
                0x0000fb66       0x58 ./Source/FreeRTOS-Products/FreeRTOS/queue.o
 .text.xQueueGenericReset
                0x0000fbbe       0x64 ./Source/FreeRTOS-Products/FreeRTOS/queue.o
                0x0000fbbe                xQueueGenericReset
 .text.xQueueGenericCreate
                0x0000fc22       0x42 ./Source/FreeRTOS-Products/FreeRTOS/queue.o
                0x0000fc22                xQueueGenericCreate
 .text.xQueueGenericSend
                0x0000fc64      0x100 ./Source/FreeRTOS-Products/FreeRTOS/queue.o
                0x0000fc64                xQueueGenericSend
 .text.xQueueCreateMutex
                0x0000fd64       0x52 ./Source/FreeRTOS-Products/FreeRTOS/queue.o
                0x0000fd64                xQueueCreateMutex
 .text.xQueueGenericSendFromISR
                0x0000fdb6       0x6e ./Source/FreeRTOS-Products/FreeRTOS/queue.o
                0x0000fdb6                xQueueGenericSendFromISR
 .text.xQueueGenericReceive
                0x0000fe24      0x130 ./Source/FreeRTOS-Products/FreeRTOS/queue.o
                0x0000fe24                xQueueGenericReceive
 .text.xQueueReceiveFromISR
                0x0000ff54       0x68 ./Source/FreeRTOS-Products/FreeRTOS/queue.o
                0x0000ff54                xQueueReceiveFromISR
 .text.uxQueueMessagesWaiting
                0x0000ffbc       0x1a ./Source/FreeRTOS-Products/FreeRTOS/queue.o
                0x0000ffbc                uxQueueMessagesWaiting
 *fill*         0x0000ffd6        0x2 00
 .text.vQueueDelete
                0x0000ffd8       0x40 ./Source/FreeRTOS-Products/FreeRTOS/queue.o
                0x0000ffd8                vQueueDelete
 .text.prvGenerateRunTimeStatsForTasksInList
                0x00010018       0x90 ./Source/FreeRTOS-Products/FreeRTOS/tasks.o
 .text.prvListTaskWithinSingleList
                0x000100a8       0x84 ./Source/FreeRTOS-Products/FreeRTOS/tasks.o
 .text.prvAddCurrentTaskToDelayedList
                0x0001012c       0x50 ./Source/FreeRTOS-Products/FreeRTOS/tasks.o
 .text.xTaskGenericCreate
                0x0001017c      0x1c4 ./Source/FreeRTOS-Products/FreeRTOS/tasks.o
                0x0001017c                xTaskGenericCreate
 .text.vTaskDelete
                0x00010340       0x70 ./Source/FreeRTOS-Products/FreeRTOS/tasks.o
                0x00010340                vTaskDelete
 .text.vTaskStartScheduler
                0x000103b0       0x58 ./Source/FreeRTOS-Products/FreeRTOS/tasks.o
                0x000103b0                vTaskStartScheduler
 .text.vTaskSuspendAll
                0x00010408       0x10 ./Source/FreeRTOS-Products/FreeRTOS/tasks.o
                0x00010408                vTaskSuspendAll
 .text.xTaskGetTickCount
                0x00010418       0x18 ./Source/FreeRTOS-Products/FreeRTOS/tasks.o
                0x00010418                xTaskGetTickCount
 .text.xTaskGetTickCountFromISR
                0x00010430       0x18 ./Source/FreeRTOS-Products/FreeRTOS/tasks.o
                0x00010430                xTaskGetTickCountFromISR
 .text.vTaskIncrementTick
                0x00010448       0xe8 ./Source/FreeRTOS-Products/FreeRTOS/tasks.o
                0x00010448                vTaskIncrementTick
 .text.xTaskResumeAll
                0x00010530       0xd8 ./Source/FreeRTOS-Products/FreeRTOS/tasks.o
                0x00010530                xTaskResumeAll
 .text.vTaskGetRunTimeStats
                0x00010608       0xa8 ./Source/FreeRTOS-Products/FreeRTOS/tasks.o
                0x00010608                vTaskGetRunTimeStats
 .text.vTaskList
                0x000106b0       0x9c ./Source/FreeRTOS-Products/FreeRTOS/tasks.o
                0x000106b0                vTaskList
 .text.prvIdleTask
                0x0001074c       0x54 ./Source/FreeRTOS-Products/FreeRTOS/tasks.o
 .text.vTaskDelay
                0x000107a0       0x38 ./Source/FreeRTOS-Products/FreeRTOS/tasks.o
                0x000107a0                vTaskDelay
 .text.vTaskSwitchContext
                0x000107d8       0xbc ./Source/FreeRTOS-Products/FreeRTOS/tasks.o
                0x000107d8                vTaskSwitchContext
 .text.vTaskPlaceOnEventList
                0x00010894       0x4c ./Source/FreeRTOS-Products/FreeRTOS/tasks.o
                0x00010894                vTaskPlaceOnEventList
 .text.xTaskRemoveFromEventList
                0x000108e0       0x6c ./Source/FreeRTOS-Products/FreeRTOS/tasks.o
                0x000108e0                xTaskRemoveFromEventList
 .text.vTaskSetTimeOutState
                0x0001094c       0x20 ./Source/FreeRTOS-Products/FreeRTOS/tasks.o
                0x0001094c                vTaskSetTimeOutState
 .text.xTaskCheckForTimeOut
                0x0001096c       0x64 ./Source/FreeRTOS-Products/FreeRTOS/tasks.o
                0x0001096c                xTaskCheckForTimeOut
 .text.vTaskMissedYield
                0x000109d0        0xc ./Source/FreeRTOS-Products/FreeRTOS/tasks.o
                0x000109d0                vTaskMissedYield
 .text.xTaskGetCurrentTaskHandle
                0x000109dc        0xc ./Source/FreeRTOS-Products/FreeRTOS/tasks.o
                0x000109dc                xTaskGetCurrentTaskHandle
 .text.vTaskPriorityInherit
                0x000109e8       0x6c ./Source/FreeRTOS-Products/FreeRTOS/tasks.o
                0x000109e8                vTaskPriorityInherit
 .text.vTaskPriorityDisinherit
                0x00010a54       0x48 ./Source/FreeRTOS-Products/FreeRTOS/tasks.o
                0x00010a54                vTaskPriorityDisinherit
 .text.pxTareaModbusMaster
                0x00010a9c       0xc8 ./Source/TASK_MODBUS_MASTER.o
                0x00010a9c                pxTareaModbusMaster
 .text.pxTareaWebService
                0x00010b64       0x90 ./Source/TASK_WEB_SERVICE.o
                0x00010b64                pxTareaWebService
 .text.ns__mb_master_consulta
                0x00010bf4       0x44 ./Source/TASK_WEB_SERVICE.o
                0x00010bf4                ns__mb_master_consulta
 .text.ns__mb_master_config
                0x00010c38       0x40 ./Source/TASK_WEB_SERVICE.o
                0x00010c38                ns__mb_master_config
 .text.pop_registers_from_fault_stack
                0x00010c78       0x24 ./Source/cr_startup_lpc176x.o
                0x00010c78                pop_registers_from_fault_stack
 .text.startup.main
                0x00010c9c      0x108 ./Source/main.o
                0x00010c9c                main
 .text.vMainConfigureTimerForRunTimeStats
                0x00010da4       0x1c ./Source/main.o
                0x00010da4                vMainConfigureTimerForRunTimeStats
 .text.ulMainGetRunTimeCounterValue
                0x00010dc0       0x4c ./Source/main.o
                0x00010dc0                ulMainGetRunTimeCounterValue
 .text.pvApplicationGetEMACTxBufferAddress
                0x00010e0c        0xc ./Source/main.o
                0x00010e0c                pvApplicationGetEMACTxBufferAddress
 .text.pvApplicationGetEMACRxBufferAddress
                0x00010e18        0xc ./Source/main.o
                0x00010e18                pvApplicationGetEMACRxBufferAddress
 .text.vApplicationMallocFailedHook
                0x00010e24        0x8 ./Source/main.o
                0x00010e24                vApplicationMallocFailedHook
 .text.vApplicationStackOverflowHook
                0x00010e2c        0x8 ./Source/main.o
                0x00010e2c                vApplicationStackOverflowHook
 .text.printchar
                0x00010e34        0xe ./Source/printf-stdarg.o
 .text.prints   0x00010e42       0x88 ./Source/printf-stdarg.o
 .text.printi   0x00010eca       0x9e ./Source/printf-stdarg.o
 .text.print    0x00010f68      0x1b8 ./Source/printf-stdarg.o
 .text.printf   0x00011120       0x1a ./Source/printf-stdarg.o
                0x00011120                printf
 .text.sprintf  0x0001113a       0x1e ./Source/printf-stdarg.o
                0x0001113a                sprintf
 .text.rx_descr_init
                0x00011158       0xc8 D:\LPC-Proyectos\BORRAR\Lib_MCU_LPC17xx\Debug\libLib_MCU_LPC17xx.a(lpc17xx_emac.o)
 .text.tx_descr_init
                0x00011220       0xb0 D:\LPC-Proyectos\BORRAR\Lib_MCU_LPC17xx\Debug\libLib_MCU_LPC17xx.a(lpc17xx_emac.o)
 .text.write_PHY
                0x000112d0       0x68 D:\LPC-Proyectos\BORRAR\Lib_MCU_LPC17xx\Debug\libLib_MCU_LPC17xx.a(lpc17xx_emac.o)
 .text.read_PHY
                0x00011338       0x74 D:\LPC-Proyectos\BORRAR\Lib_MCU_LPC17xx\Debug\libLib_MCU_LPC17xx.a(lpc17xx_emac.o)
 .text.setEmacAddr
                0x000113ac       0x64 D:\LPC-Proyectos\BORRAR\Lib_MCU_LPC17xx\Debug\libLib_MCU_LPC17xx.a(lpc17xx_emac.o)
 .text.EMAC_Init
                0x00011410      0x1e0 D:\LPC-Proyectos\BORRAR\Lib_MCU_LPC17xx\Debug\libLib_MCU_LPC17xx.a(lpc17xx_emac.o)
                0x00011410                EMAC_Init
 .text.EMAC_SetPHYMode
                0x000115f0      0x114 D:\LPC-Proyectos\BORRAR\Lib_MCU_LPC17xx\Debug\libLib_MCU_LPC17xx.a(lpc17xx_emac.o)
                0x000115f0                EMAC_SetPHYMode
 .text.EMAC_UpdatePHYStatus
                0x00011704       0xc0 D:\LPC-Proyectos\BORRAR\Lib_MCU_LPC17xx\Debug\libLib_MCU_LPC17xx.a(lpc17xx_emac.o)
                0x00011704                EMAC_UpdatePHYStatus
 .text.EMAC_NextPacketToSend
                0x000117c4       0x24 D:\LPC-Proyectos\BORRAR\Lib_MCU_LPC17xx\Debug\libLib_MCU_LPC17xx.a(lpc17xx_emac.o)
                0x000117c4                EMAC_NextPacketToSend
 .text.EMAC_StartTransmitNextBuffer
                0x000117e8       0x58 D:\LPC-Proyectos\BORRAR\Lib_MCU_LPC17xx\Debug\libLib_MCU_LPC17xx.a(lpc17xx_emac.o)
                0x000117e8                EMAC_StartTransmitNextBuffer
 .text.EMAC_NextPacketToRead
                0x00011840       0x24 D:\LPC-Proyectos\BORRAR\Lib_MCU_LPC17xx\Debug\libLib_MCU_LPC17xx.a(lpc17xx_emac.o)
                0x00011840                EMAC_NextPacketToRead
 .text.EMAC_CheckReceiveIndex
                0x00011864       0x2c D:\LPC-Proyectos\BORRAR\Lib_MCU_LPC17xx\Debug\libLib_MCU_LPC17xx.a(lpc17xx_emac.o)
                0x00011864                EMAC_CheckReceiveIndex
 .text.EMAC_CheckTransmitIndex
                0x00011890       0x54 D:\LPC-Proyectos\BORRAR\Lib_MCU_LPC17xx\Debug\libLib_MCU_LPC17xx.a(lpc17xx_emac.o)
                0x00011890                EMAC_CheckTransmitIndex
 .text.EMAC_CheckReceiveDataStatus
                0x000118e4       0x3c D:\LPC-Proyectos\BORRAR\Lib_MCU_LPC17xx\Debug\libLib_MCU_LPC17xx.a(lpc17xx_emac.o)
                0x000118e4                EMAC_CheckReceiveDataStatus
 .text.EMAC_GetReceiveDataSize
                0x00011920       0x34 D:\LPC-Proyectos\BORRAR\Lib_MCU_LPC17xx\Debug\libLib_MCU_LPC17xx.a(lpc17xx_emac.o)
                0x00011920                EMAC_GetReceiveDataSize
 .text.EMAC_UpdateRxConsumeIndex
                0x00011954       0x38 D:\LPC-Proyectos\BORRAR\Lib_MCU_LPC17xx\Debug\libLib_MCU_LPC17xx.a(lpc17xx_emac.o)
                0x00011954                EMAC_UpdateRxConsumeIndex
 .text.check_failed
                0x0001198c        0xc D:\LPC-Proyectos\BORRAR\Lib_MCU_LPC17xx\Debug\libLib_MCU_LPC17xx.a(lpc17xx_libcfg_default.o)
                0x0001198c                check_failed
 .text.set_PinFunc
                0x00011998       0x9c D:\LPC-Proyectos\BORRAR\Lib_MCU_LPC17xx\Debug\libLib_MCU_LPC17xx.a(lpc17xx_pinsel.o)
 .text.set_ResistorMode
                0x00011a34       0x9c D:\LPC-Proyectos\BORRAR\Lib_MCU_LPC17xx\Debug\libLib_MCU_LPC17xx.a(lpc17xx_pinsel.o)
 .text.set_OpenDrainMode
                0x00011ad0       0x7c D:\LPC-Proyectos\BORRAR\Lib_MCU_LPC17xx\Debug\libLib_MCU_LPC17xx.a(lpc17xx_pinsel.o)
 .text.PINSEL_ConfigPin
                0x00011b4c       0x54 D:\LPC-Proyectos\BORRAR\Lib_MCU_LPC17xx\Debug\libLib_MCU_LPC17xx.a(lpc17xx_pinsel.o)
                0x00011b4c                PINSEL_ConfigPin
 .text.uart_set_divisors
                0x00011ba0      0x26c D:\LPC-Proyectos\BORRAR\Lib_MCU_LPC17xx\Debug\libLib_MCU_LPC17xx.a(lpc17xx_uart.o)
 .text.UART_Init
                0x00011e0c      0x368 D:\LPC-Proyectos\BORRAR\Lib_MCU_LPC17xx\Debug\libLib_MCU_LPC17xx.a(lpc17xx_uart.o)
                0x00011e0c                UART_Init
 .text.UART_FIFOConfig
                0x00012174      0x184 D:\LPC-Proyectos\BORRAR\Lib_MCU_LPC17xx\Debug\libLib_MCU_LPC17xx.a(lpc17xx_uart.o)
                0x00012174                UART_FIFOConfig
 .text.UART_FIFOConfigStructInit
                0x000122f8       0x34 D:\LPC-Proyectos\BORRAR\Lib_MCU_LPC17xx\Debug\libLib_MCU_LPC17xx.a(lpc17xx_uart.o)
                0x000122f8                UART_FIFOConfigStructInit
 .text.UART_TxCmd
                0x0001232c       0xe8 D:\LPC-Proyectos\BORRAR\Lib_MCU_LPC17xx\Debug\libLib_MCU_LPC17xx.a(lpc17xx_uart.o)
                0x0001232c                UART_TxCmd
 .text.CLKPWR_GetPCLKSEL
                0x00012414       0x54 D:\LPC-Proyectos\BORRAR\Lib_MCU_LPC17xx\Debug\libLib_MCU_LPC17xx.a(lpc17xx_clkpwr.o)
                0x00012414                CLKPWR_GetPCLKSEL
 .text.CLKPWR_GetPCLK
                0x00012468       0x74 D:\LPC-Proyectos\BORRAR\Lib_MCU_LPC17xx\Debug\libLib_MCU_LPC17xx.a(lpc17xx_clkpwr.o)
                0x00012468                CLKPWR_GetPCLK
 .text.CLKPWR_ConfigPPWR
                0x000124dc       0x78 D:\LPC-Proyectos\BORRAR\Lib_MCU_LPC17xx\Debug\libLib_MCU_LPC17xx.a(lpc17xx_clkpwr.o)
                0x000124dc                CLKPWR_ConfigPPWR
 .text.SystemInit
                0x00012554       0xe4 D:\LPC-Proyectos\BORRAR\CMSISv2p00_LPC17xx\Debug\libCMSISv2p00_LPC17xx.a(system_LPC17xx.o)
                0x00012554                SystemInit
 .text          0x00012638      0x370 c:/nxp/lpcxpresso_6.1.4_194/lpcxpresso/tools/bin/../lib/gcc/arm-none-eabi/4.6.2/armv7-m\libgcc.a(_arm_addsubdf3.o)
                0x00012638                __aeabi_drsub
                0x00012640                __aeabi_dsub
                0x00012640                __subdf3
                0x00012644                __aeabi_dadd
                0x00012644                __adddf3
                0x000128bc                __floatunsidf
                0x000128bc                __aeabi_ui2d
                0x000128dc                __floatsidf